Archive member included because of file (symbol)

libs/gcc/app_start.lib(timer.o)
                              build/gcc/obj/custom/dfota/src/dfota_http.o (Ql_Timer_Register)
libs/gcc/app_start.lib(gprs.o)
                              build/gcc/obj/custom/dfota/src/dfota_main.o (Ql_GPRS_GetPDPContextId)
libs/gcc/app_start.lib(ql_func.o)
                              libs/gcc/app_start.lib(timer.o) (m_get_api_ptr)
libs/gcc/app_start.lib(taskMngt.o)
                              build/gcc/obj/custom/ali/ali_mqtt_example.o (Ql_OS_GetMessage)
libs/gcc/app_start.lib(fota.o)
                              build/gcc/obj/custom/dfota/src/dfota_main.o (Ql_DFOTA_Init)
libs/gcc/app_start.lib(ql_main.o)
                              build/gcc/obj/ril/src/ril_network.o (memset)
libs/gcc/app_start.lib(memory.o)
                              build/gcc/obj/ril/src/ril_http.o (Ql_MEM_Alloc)
libs/gcc/app_start.lib(ril_main.o)
                              build/gcc/obj/custom/ali/ali_mqtt_example.o (Ql_Mqtt_Recv_Register)
libs/gcc/app_start.lib(ril_aux.o)
                              build/gcc/obj/custom/config/sys_config.o (proc_urc_task)
libs/gcc/app_start.lib(gpio.o)
                              build/gcc/obj/custom/ali/ali_mqtt_example.o (Ql_GPIO_Init)
libs/gcc/app_start.lib(ocpi_init.o)
                              libs/gcc/app_start.lib(ql_main.o) (_OCPU_InitUserMem)
libs/gcc/app_start.lib(fileSys.o)
                              build/gcc/obj/custom/dfota/src/dfota_ftp.o (Ql_FS_Open)
libs/gcc/app_start.lib(lib_ril_sms.o)
                              build/gcc/obj/ril/src/ril_sms.o (LIB_SMS_IsValidHexStr)
libs/gcc/app_start.lib(stdlib_func.o)
                              build/gcc/obj/ril/src/ril_location.o (Ql_atof)
libs/gcc/app_start.lib(system.o)
                              build/gcc/obj/ril/src/ril_network.o (Ql_Sleep)
libs/gcc/app_start.lib(uart.o)
                              build/gcc/obj/custom/ali/ali_mqtt_example.o (Ql_UART_Register)
libs/gcc/app_start.lib(socket.o)
                              build/gcc/obj/custom/dfota/src/dfota_http.o (Ql_SOC_CreateEx)
G:\EmbeddedDK\CSDTK42/mips-elf-4.4.2/lib/gcc/mips-elf/4.4.2/libgcc.a(_sf_to_df.o)
                              build/gcc/obj/libs/cjson/cJSON.o (__extendsfdf2)
G:\EmbeddedDK\CSDTK42/mips-elf-4.4.2/lib/gcc/mips-elf/4.4.2/libgcc.a(_mul_df.o)
                              build/gcc/obj/libs/cjson/cJSON.o (__muldf3)
G:\EmbeddedDK\CSDTK42/mips-elf-4.4.2/lib/gcc/mips-elf/4.4.2/libgcc.a(_eq_df.o)
                              build/gcc/obj/libs/cjson/cJSON.o (__eqdf2)
G:\EmbeddedDK\CSDTK42/mips-elf-4.4.2/lib/gcc/mips-elf/4.4.2/libgcc.a(_ne_df.o)
                              build/gcc/obj/libs/cjson/cJSON.o (__nedf2)
G:\EmbeddedDK\CSDTK42/mips-elf-4.4.2/lib/gcc/mips-elf/4.4.2/libgcc.a(_ge_df.o)
                              build/gcc/obj/libs/cjson/cJSON.o (__gedf2)
G:\EmbeddedDK\CSDTK42/mips-elf-4.4.2/lib/gcc/mips-elf/4.4.2/libgcc.a(_le_df.o)
                              build/gcc/obj/libs/cjson/cJSON.o (__ledf2)
G:\EmbeddedDK\CSDTK42/mips-elf-4.4.2/lib/gcc/mips-elf/4.4.2/libgcc.a(_si_to_df.o)
                              build/gcc/obj/libs/cjson/cJSON.o (__floatsidf)
G:\EmbeddedDK\CSDTK42/mips-elf-4.4.2/lib/gcc/mips-elf/4.4.2/libgcc.a(_df_to_si.o)
                              build/gcc/obj/ril/src/Ril_dtmf.o (__fixdfsi)
G:\EmbeddedDK\CSDTK42/mips-elf-4.4.2/lib/gcc/mips-elf/4.4.2/libgcc.a(_make_df.o)
                              G:\EmbeddedDK\CSDTK42/mips-elf-4.4.2/lib/gcc/mips-elf/4.4.2/libgcc.a(_sf_to_df.o) (__make_dp)
G:\EmbeddedDK\CSDTK42/mips-elf-4.4.2/lib/gcc/mips-elf/4.4.2/libgcc.a(_df_to_sf.o)
                              build/gcc/obj/ril/src/ril_location.o (__truncdfsf2)
G:\EmbeddedDK\CSDTK42/mips-elf-4.4.2/lib/gcc/mips-elf/4.4.2/libgcc.a(_thenan_df.o)
                              G:\EmbeddedDK\CSDTK42/mips-elf-4.4.2/lib/gcc/mips-elf/4.4.2/libgcc.a(_mul_df.o) (__thenan_df)
G:\EmbeddedDK\CSDTK42/mips-elf-4.4.2/lib/gcc/mips-elf/4.4.2/libgcc.a(_lshrdi3.o)
                              G:\EmbeddedDK\CSDTK42/mips-elf-4.4.2/lib/gcc/mips-elf/4.4.2/libgcc.a(_df_to_si.o) (__lshrdi3)
G:\EmbeddedDK\CSDTK42/mips-elf-4.4.2/lib/gcc/mips-elf/4.4.2/libgcc.a(_ashldi3.o)
                              G:\EmbeddedDK\CSDTK42/mips-elf-4.4.2/lib/gcc/mips-elf/4.4.2/libgcc.a(_si_to_df.o) (__ashldi3)
G:\EmbeddedDK\CSDTK42/mips-elf-4.4.2/lib/gcc/mips-elf/4.4.2/libgcc.a(_clzsi2.o)
                              G:\EmbeddedDK\CSDTK42/mips-elf-4.4.2/lib/gcc/mips-elf/4.4.2/libgcc.a(_si_to_df.o) (__clzsi2)
G:\EmbeddedDK\CSDTK42/mips-elf-4.4.2/lib/gcc/mips-elf/4.4.2/libgcc.a(_unpack_sf.o)
                              G:\EmbeddedDK\CSDTK42/mips-elf-4.4.2/lib/gcc/mips-elf/4.4.2/libgcc.a(_sf_to_df.o) (__unpack_f)
G:\EmbeddedDK\CSDTK42/mips-elf-4.4.2/lib/gcc/mips-elf/4.4.2/libgcc.a(_make_sf.o)
                              G:\EmbeddedDK\CSDTK42/mips-elf-4.4.2/lib/gcc/mips-elf/4.4.2/libgcc.a(_df_to_sf.o) (__make_fp)
[...]
Memory Configuration

Name             Origin             Length             Attributes
*default*        0x0000000000000000 0xffffffffffffffff

Linker script and memory map

                0x0000000088310000                __ROM_START_ADDR = 0x88310000
                0x0000000000050000                __MAX_ROM_SIZE = 0x50000
                0x00000000823e7000                __RAM_START_ADDR = 0x823e7000
                0x0000000082400000                __RAM_END_ADDR = 0x82400000
                0x0000000088310000                . = __ROM_START_ADDR
                0x0000000088310000                _ROM_START = .

.initdata       0x0000000088310000       0x40
 *(.initdata)
 .initdata      0x0000000088310000       0x3c libs/gcc/app_start.lib(ql_main.o)
                0x0000000088310000                GADLENTRY
                0x0000000088310040                . = ALIGN (0x10)
 *fill*         0x000000008831003c        0x4 00

.text           0x0000000088310040      0x940
 *(.text)
 .text          0x0000000088310040        0x0 build/gcc/obj/custom/config/custom_sys_cfg.o
 .text          0x0000000088310040        0x0 build/gcc/obj/custom/config/sys_config.o
 .text          0x0000000088310040        0x0 build/gcc/obj/ril/src/ril_audio.o
 .text          0x0000000088310040        0x0 build/gcc/obj/ril/src/ril_custom.o
 .text          0x0000000088310040        0x0 build/gcc/obj/ril/src/ril_http.o
 .text          0x0000000088310040        0x0 build/gcc/obj/ril/src/ril_urc.o
 .text          0x0000000088310040        0x0 build/gcc/obj/ril/src/ril_atResponse.o
 .text          0x0000000088310040        0x0 build/gcc/obj/ril/src/ril_network.o
 .text          0x0000000088310040        0x0 build/gcc/obj/ril/src/ril_location.o
 .text          0x0000000088310040        0x0 build/gcc/obj/ril/src/ril_ntp.o
 .text          0x0000000088310040        0x0 build/gcc/obj/ril/src/ril_telephony.o
 .text          0x0000000088310040        0x0 build/gcc/obj/ril/src/ril_sms.o
 .text          0x0000000088310040        0x0 build/gcc/obj/ril/src/ril_system.o
 .text          0x0000000088310040        0x0 build/gcc/obj/ril/src/Ril_dtmf.o
 .text          0x0000000088310040        0x0 build/gcc/obj/ril/src/ril_sim.o
 .text          0x0000000088310040        0x0 build/gcc/obj/ril/src/ril_location2.o
 .text          0x0000000088310040        0x0 build/gcc/obj/ril/src/ril_init.o
 .text          0x0000000088310040        0x0 build/gcc/obj/ril/src/ril_ftp.o
 .text          0x0000000088310040        0x0 build/gcc/obj/ril/src/ril_alarm.o
 .text          0x0000000088310040        0x0 build/gcc/obj/ril/src/ril_util.o
 .text          0x0000000088310040        0x0 build/gcc/obj/ril/src/ril_mqtt.o
 .text          0x0000000088310040        0x0 build/gcc/obj/example/example_location2.o
 .text          0x0000000088310040        0x0 build/gcc/obj/example/example_dfota_ftp.o
 .text          0x0000000088310040        0x0 build/gcc/obj/example/example_sms.o
 .text          0x0000000088310040        0x0 build/gcc/obj/example/example_tcp_demo.o
 .text          0x0000000088310040        0x0 build/gcc/obj/example/example_spi.o
 .text          0x0000000088310040        0x0 build/gcc/obj/example/example_system.o
 .text          0x0000000088310040        0x0 build/gcc/obj/example/example_tcpclient.o
 .text          0x0000000088310040        0x0 build/gcc/obj/example/example_http.o
 .text          0x0000000088310040        0x0 build/gcc/obj/example/example_dfota_http.o
 .text          0x0000000088310040        0x0 build/gcc/obj/example/example_ftp.o
 .text          0x0000000088310040        0x0 build/gcc/obj/example/example_float_math.o
 .text          0x0000000088310040        0x0 build/gcc/obj/example/example_call.o
 .text          0x0000000088310040        0x0 build/gcc/obj/example/example_memory.o
 .text          0x0000000088310040        0x0 build/gcc/obj/example/example_udpserver.o
 .text          0x0000000088310040        0x0 build/gcc/obj/example/example_multitask.o
 .text          0x0000000088310040        0x0 build/gcc/obj/example/example_gpio.o
 .text          0x0000000088310040        0x0 build/gcc/obj/example/example_adc.o
 .text          0x0000000088310040        0x0 build/gcc/obj/example/debug.o
 .text          0x0000000088310040        0x0 build/gcc/obj/example/example_clk.o
 .text          0x0000000088310040        0x0 build/gcc/obj/example/example_transpass.o
 .text          0x0000000088310040        0x0 build/gcc/obj/example/example_alarm.o
 .text          0x0000000088310040        0x0 build/gcc/obj/example/example_multitask_port.o
 .text          0x0000000088310040        0x0 build/gcc/obj/example/example_time.o
 .text          0x0000000088310040        0x0 build/gcc/obj/example/example_watchdog.o
 .text          0x0000000088310040        0x0 build/gcc/obj/example/example_timer.o
 .text          0x0000000088310040        0x0 build/gcc/obj/example/example_udpclient.o
 .text          0x0000000088310040        0x0 build/gcc/obj/example/example_mqtt.o
 .text          0x0000000088310040        0x0 build/gcc/obj/example/example_audio.o
 .text          0x0000000088310040        0x0 build/gcc/obj/example/example_tcpserver.o
 .text          0x0000000088310040        0x0 build/gcc/obj/example/example_eint.o
 .text          0x0000000088310040        0x0 build/gcc/obj/example/example_file.o
 .text          0x0000000088310040        0x0 build/gcc/obj/example/example_iic.o
 .text          0x0000000088310040        0x0 build/gcc/obj/example/example_location.o
 .text          0x0000000088310040        0x0 build/gcc/obj/custom/main.o
 .text          0x0000000088310040        0x0 build/gcc/obj/custom/dfota/src/dfota_main.o
 .text          0x0000000088310040        0x0 build/gcc/obj/custom/dfota/src/dfota_ftp.o
 .text          0x0000000088310040        0x0 build/gcc/obj/custom/dfota/src/dfota_http_code.o
 .text          0x0000000088310040        0x0 build/gcc/obj/custom/dfota/src/dfota_http.o
 .text          0x0000000088310040        0x0 build/gcc/obj/custom/utils/data_process.o
 .text          0x0000000088310040        0x0 build/gcc/obj/custom/ali/ali_mqtt_example.o
 .text          0x0000000088310040        0x0 build/gcc/obj/libs/ali/dev_sign/dev_sign_mqtt.o
 .text          0x0000000088310040        0x0 build/gcc/obj/libs/ali/infra/infra_sha256.o
 .text          0x0000000088310040        0x0 build/gcc/obj/libs/ali/infra/infra_compat.o
 .text          0x0000000088310040        0x0 build/gcc/obj/libs/ali/infra/infra_defs.o
 .text          0x0000000088310040        0x0 build/gcc/obj/libs/ali/infra/infra_log.o
 .text          0x0000000088310040        0x0 build/gcc/obj/libs/ali/wrappers/wrapper.o
 .text          0x0000000088310040        0x0 build/gcc/obj/libs/libc/ctype/isspace.o
 .text          0x0000000088310040        0x0 build/gcc/obj/libs/libc/stdlib/rand.o
 .text          0x0000000088310040        0x0 build/gcc/obj/libs/libc/stdlib/strlen.o
 .text          0x0000000088310040        0x0 build/gcc/obj/libs/libc/stdlib/realloc.o
 .text          0x0000000088310040        0x0 build/gcc/obj/libs/libc/stdlib/strtod.o
 .text          0x0000000088310040        0x0 build/gcc/obj/libs/libc/locale/localeconv.o
 .text          0x0000000088310040        0x0 build/gcc/obj/libs/cjson/cJSON.o
 .text          0x0000000088310040        0x0 libs/gcc/app_start.lib(timer.o)
 .text          0x0000000088310040        0x0 libs/gcc/app_start.lib(gprs.o)
 .text          0x0000000088310040        0x0 libs/gcc/app_start.lib(ql_func.o)
 .text          0x0000000088310040        0x0 libs/gcc/app_start.lib(taskMngt.o)
 .text          0x0000000088310040        0x0 libs/gcc/app_start.lib(fota.o)
 .text          0x0000000088310040        0x0 libs/gcc/app_start.lib(ql_main.o)
 .text          0x0000000088310040        0x0 libs/gcc/app_start.lib(memory.o)
 .text          0x0000000088310040        0x0 libs/gcc/app_start.lib(ril_main.o)
 .text          0x0000000088310040        0x0 libs/gcc/app_start.lib(ril_aux.o)
 .text          0x0000000088310040        0x0 libs/gcc/app_start.lib(gpio.o)
 .text          0x0000000088310040        0x0 libs/gcc/app_start.lib(ocpi_init.o)
 .text          0x0000000088310040        0x0 libs/gcc/app_start.lib(fileSys.o)
 .text          0x0000000088310040        0x0 libs/gcc/app_start.lib(lib_ril_sms.o)
 .text          0x0000000088310040        0x0 libs/gcc/app_start.lib(stdlib_func.o)
 .text          0x0000000088310040        0x0 libs/gcc/app_start.lib(system.o)
 .text          0x0000000088310040        0x0 libs/gcc/app_start.lib(uart.o)
 .text          0x0000000088310040        0x0 libs/gcc/app_start.lib(socket.o)
 .text          0x0000000088310040       0x2c G:\EmbeddedDK\CSDTK42/mips-elf-4.4.2/lib/gcc/mips-elf/4.4.2/libgcc.a(_sf_to_df.o)
                0x0000000088310041                __extendsfdf2
 *fill*         0x000000008831006c        0x4 00
 .text          0x0000000088310070      0x1b8 G:\EmbeddedDK\CSDTK42/mips-elf-4.4.2/lib/gcc/mips-elf/4.4.2/libgcc.a(_mul_df.o)
                0x0000000088310071                __muldf3
 .text          0x0000000088310228       0x48 G:\EmbeddedDK\CSDTK42/mips-elf-4.4.2/lib/gcc/mips-elf/4.4.2/libgcc.a(_eq_df.o)
                0x0000000088310229                __eqdf2
 .text          0x0000000088310270       0x48 G:\EmbeddedDK\CSDTK42/mips-elf-4.4.2/lib/gcc/mips-elf/4.4.2/libgcc.a(_ne_df.o)
                0x0000000088310271                __nedf2
 .text          0x00000000883102b8       0x48 G:\EmbeddedDK\CSDTK42/mips-elf-4.4.2/lib/gcc/mips-elf/4.4.2/libgcc.a(_ge_df.o)
                0x00000000883102b9                __gedf2
 .text          0x0000000088310300       0x48 G:\EmbeddedDK\CSDTK42/mips-elf-4.4.2/lib/gcc/mips-elf/4.4.2/libgcc.a(_le_df.o)
                0x0000000088310301                __ledf2
 .text          0x0000000088310348       0x78 G:\EmbeddedDK\CSDTK42/mips-elf-4.4.2/lib/gcc/mips-elf/4.4.2/libgcc.a(_si_to_df.o)
                0x0000000088310349                __floatsidf
 .text          0x00000000883103c0       0x64 G:\EmbeddedDK\CSDTK42/mips-elf-4.4.2/lib/gcc/mips-elf/4.4.2/libgcc.a(_df_to_si.o)
                0x00000000883103c1                __fixdfsi
 .text          0x0000000088310424       0x20 G:\EmbeddedDK\CSDTK42/mips-elf-4.4.2/lib/gcc/mips-elf/4.4.2/libgcc.a(_make_df.o)
                0x0000000088310425                __make_dp
 .text          0x0000000088310444       0x3c G:\EmbeddedDK\CSDTK42/mips-elf-4.4.2/lib/gcc/mips-elf/4.4.2/libgcc.a(_df_to_sf.o)
                0x0000000088310445                __truncdfsf2
 .text          0x0000000088310480        0x0 G:\EmbeddedDK\CSDTK42/mips-elf-4.4.2/lib/gcc/mips-elf/4.4.2/libgcc.a(_thenan_df.o)
 .text          0x0000000088310480       0x3c G:\EmbeddedDK\CSDTK42/mips-elf-4.4.2/lib/gcc/mips-elf/4.4.2/libgcc.a(_lshrdi3.o)
                0x0000000088310481                __lshrdi3
 .text          0x00000000883104bc       0x3c G:\EmbeddedDK\CSDTK42/mips-elf-4.4.2/lib/gcc/mips-elf/4.4.2/libgcc.a(_ashldi3.o)
                0x00000000883104bd                __ashldi3
 .text          0x00000000883104f8       0x3c G:\EmbeddedDK\CSDTK42/mips-elf-4.4.2/lib/gcc/mips-elf/4.4.2/libgcc.a(_clzsi2.o)
                0x00000000883104f9                __clzsi2
 .text          0x0000000088310534       0x7c G:\EmbeddedDK\CSDTK42/mips-elf-4.4.2/lib/gcc/mips-elf/4.4.2/libgcc.a(_unpack_sf.o)
                0x0000000088310535                __unpack_f
 .text          0x00000000883105b0       0x18 G:\EmbeddedDK\CSDTK42/mips-elf-4.4.2/lib/gcc/mips-elf/4.4.2/libgcc.a(_make_sf.o)
                0x00000000883105b1                __make_fp
 .text          0x00000000883105c8      0x1a4 G:\EmbeddedDK\CSDTK42/mips-elf-4.4.2/lib/gcc/mips-elf/4.4.2/libgcc.a(_pack_df.o)
                0x00000000883105c9                __pack_d
 .text          0x000000008831076c       0xac G:\EmbeddedDK\CSDTK42/mips-elf-4.4.2/lib/gcc/mips-elf/4.4.2/libgcc.a(_unpack_df.o)
                0x000000008831076d                __unpack_d
 .text          0x0000000088310818       0x78 G:\EmbeddedDK\CSDTK42/mips-elf-4.4.2/lib/gcc/mips-elf/4.4.2/libgcc.a(_fpcmp_parts_df.o)
                0x0000000088310819                __fpcmp_parts_d
 .text          0x0000000088310890       0x28 G:\EmbeddedDK\CSDTK42/mips-elf-4.4.2/lib/gcc/mips-elf/4.4.2/libgcc.a(_ucmpdi2.o)
                0x0000000088310891                __ucmpdi2
 .text          0x00000000883108b8        0x0 G:\EmbeddedDK\CSDTK42/mips-elf-4.4.2/lib/gcc/mips-elf/4.4.2/libgcc.a(_clz.o)
 .text          0x00000000883108b8       0xc4 G:\EmbeddedDK\CSDTK42/mips-elf-4.4.2/lib/gcc/mips-elf/4.4.2/libgcc.a(_pack_sf.o)
                0x00000000883108b9                __pack_f
                0x0000000088310980                . = ALIGN (0x10)
 *fill*         0x000000008831097c        0x4 00

.text.Ql_WTD_GetWDIPinCfg
                0x0000000088310980        0xc
 .text.Ql_WTD_GetWDIPinCfg
                0x0000000088310980        0xc build/gcc/obj/custom/config/custom_sys_cfg.o
                0x0000000088310981                Ql_WTD_GetWDIPinCfg

.text.RIL_AUD_RegisterPlayCB
                0x000000008831098c       0x14
 .text.RIL_AUD_RegisterPlayCB
                0x000000008831098c       0x14 build/gcc/obj/ril/src/ril_audio.o
                0x000000008831098d                RIL_AUD_RegisterPlayCB

.text.RIL_AUD_GetRecordState
                0x00000000883109a0       0x5c
 .text.RIL_AUD_GetRecordState
                0x00000000883109a0       0x5c build/gcc/obj/ril/src/ril_audio.o
                0x00000000883109a1                RIL_AUD_GetRecordState

.text.RIL_AUD_StopPlayMemBg
                0x00000000883109fc       0x40
 .text.RIL_AUD_StopPlayMemBg
                0x00000000883109fc       0x40 build/gcc/obj/ril/src/ril_audio.o
                0x00000000883109fd                RIL_AUD_StopPlayMemBg

.text.RIL_AUD_PlayMemBg
                0x0000000088310a3c       0x68
 .text.RIL_AUD_PlayMemBg
                0x0000000088310a3c       0x68 build/gcc/obj/ril/src/ril_audio.o
                0x0000000088310a3d                RIL_AUD_PlayMemBg

.text.RIL_AUD_StopPlayMem
                0x0000000088310aa4       0x48
 .text.RIL_AUD_StopPlayMem
                0x0000000088310aa4       0x48 build/gcc/obj/ril/src/ril_audio.o
                0x0000000088310aa5                RIL_AUD_StopPlayMem

.text.RIL_AUD_PlayMem
                0x0000000088310aec       0x68
 .text.RIL_AUD_PlayMem
                0x0000000088310aec       0x68 build/gcc/obj/ril/src/ril_audio.o
                0x0000000088310aed                RIL_AUD_PlayMem

.text.RIL_AUD_StopRecord
                0x0000000088310b54       0x48
 .text.RIL_AUD_StopRecord
                0x0000000088310b54       0x48 build/gcc/obj/ril/src/ril_audio.o
                0x0000000088310b55                RIL_AUD_StopRecord

.text.RIL_AUD_StartRecord
                0x0000000088310b9c       0x78
 .text.RIL_AUD_StartRecord
                0x0000000088310b9c       0x78 build/gcc/obj/ril/src/ril_audio.o
                0x0000000088310b9d                RIL_AUD_StartRecord

.text.RIL_AUD_StopPlay
                0x0000000088310c14       0x48
 .text.RIL_AUD_StopPlay
                0x0000000088310c14       0x48 build/gcc/obj/ril/src/ril_audio.o
                0x0000000088310c15                RIL_AUD_StopPlay

.text.RIL_AUD_GetVolume
                0x0000000088310c5c       0x4c
 .text.RIL_AUD_GetVolume
                0x0000000088310c5c       0x4c build/gcc/obj/ril/src/ril_audio.o
                0x0000000088310c5d                RIL_AUD_GetVolume

.text.RIL_AUD_SetVolume
                0x0000000088310ca8       0x4c
 .text.RIL_AUD_SetVolume
                0x0000000088310ca8       0x4c build/gcc/obj/ril/src/ril_audio.o
                0x0000000088310ca9                RIL_AUD_SetVolume

.text.RIL_AUD_SetChannel
                0x0000000088310cf4       0x50
 .text.RIL_AUD_SetChannel
                0x0000000088310cf4       0x50 build/gcc/obj/ril/src/ril_audio.o
                0x0000000088310cf5                RIL_AUD_SetChannel

.text.RIL_AUD_GetChannel
                0x0000000088310d44       0x4c
 .text.RIL_AUD_GetChannel
                0x0000000088310d44       0x4c build/gcc/obj/ril/src/ril_audio.o
                0x0000000088310d45                RIL_AUD_GetChannel

.text.RIL_AUD_PlayFile
                0x0000000088310d90       0x88
 .text.RIL_AUD_PlayFile
                0x0000000088310d90       0x88 build/gcc/obj/ril/src/ril_audio.o
                0x0000000088310d91                RIL_AUD_PlayFile

.text.ATResponse_AUD_handler
                0x0000000088310e18       0xec
 .text.ATResponse_AUD_handler
                0x0000000088310e18       0xec build/gcc/obj/ril/src/ril_audio.o

.text.Ql_RIL_RcvDataFrmCore
                0x0000000088310f04       0x18
 .text.Ql_RIL_RcvDataFrmCore
                0x0000000088310f04       0x18 build/gcc/obj/ril/src/ril_custom.o
                0x0000000088310f05                Ql_RIL_RcvDataFrmCore

.text.RIL_HTTP_ReadResponse
                0x0000000088310f1c       0x68
 .text.RIL_HTTP_ReadResponse
                0x0000000088310f1c       0x68 build/gcc/obj/ril/src/ril_http.o
                0x0000000088310f1d                RIL_HTTP_ReadResponse

.text.RIL_HTTP_RequestToPost
                0x0000000088310f84       0x74
 .text.RIL_HTTP_RequestToPost
                0x0000000088310f84       0x74 build/gcc/obj/ril/src/ril_http.o
                0x0000000088310f85                RIL_HTTP_RequestToPost

.text.RIL_HTTP_RequestToGet
                0x0000000088310ff8       0x58
 .text.RIL_HTTP_RequestToGet
                0x0000000088310ff8       0x58 build/gcc/obj/ril/src/ril_http.o
                0x0000000088310ff9                RIL_HTTP_RequestToGet

.text.RIL_HTTP_SetServerURL
                0x0000000088311050       0x74
 .text.RIL_HTTP_SetServerURL
                0x0000000088311050       0x74 build/gcc/obj/ril/src/ril_http.o
                0x0000000088311051                RIL_HTTP_SetServerURL

.text.RIL_HTTP_DownloadFile
                0x00000000883110c4       0x70
 .text.RIL_HTTP_DownloadFile
                0x00000000883110c4       0x70 build/gcc/obj/ril/src/ril_http.o
                0x00000000883110c5                RIL_HTTP_DownloadFile

.text.ATRsp_QHTTP_Handler
                0x0000000088311134       0xb8
 .text.ATRsp_QHTTP_Handler
                0x0000000088311134       0xb8 build/gcc/obj/ril/src/ril_http.o

.text.OnURCHandler_HTTP
                0x00000000883111ec       0x48
 .text.OnURCHandler_HTTP
                0x00000000883111ec       0x48 build/gcc/obj/ril/src/ril_urc.o

.text.OnURCHandler_AudPlayInd
                0x0000000088311234       0x34
 .text.OnURCHandler_AudPlayInd
                0x0000000088311234       0x34 build/gcc/obj/ril/src/ril_urc.o

.text.Ql_RIL_IsURCStr
                0x0000000088311268       0x54
 .text.Ql_RIL_IsURCStr
                0x0000000088311268       0x54 build/gcc/obj/ril/src/ril_urc.o
                0x0000000088311269                Ql_RIL_IsURCStr

.text.OnURCHandler_MQTT_DISC
                0x00000000883112bc       0xac
 .text.OnURCHandler_MQTT_DISC
                0x00000000883112bc       0xac build/gcc/obj/ril/src/ril_urc.o

.text.OnURCHandler_MQTT_CLOSE
                0x0000000088311368       0xac
 .text.OnURCHandler_MQTT_CLOSE
                0x0000000088311368       0xac build/gcc/obj/ril/src/ril_urc.o

.text.OnURCHandler_MQTT_STATE
                0x0000000088311414       0x8c
 .text.OnURCHandler_MQTT_STATE
                0x0000000088311414       0x8c build/gcc/obj/ril/src/ril_urc.o

.text.OnURCHandler_MQTT_TUNS
                0x00000000883114a0       0xac
 .text.OnURCHandler_MQTT_TUNS
                0x00000000883114a0       0xac build/gcc/obj/ril/src/ril_urc.o

.text.OnURCHandler_MQTT_PUB
                0x000000008831154c       0xcc
 .text.OnURCHandler_MQTT_PUB
                0x000000008831154c       0xcc build/gcc/obj/ril/src/ril_urc.o

.text.OnURCHandler_MQTT_SUB
                0x0000000088311618       0xfc
 .text.OnURCHandler_MQTT_SUB
                0x0000000088311618       0xfc build/gcc/obj/ril/src/ril_urc.o

.text.OnURCHandler_MQTT_CONN
                0x0000000088311714       0xb4
 .text.OnURCHandler_MQTT_CONN
                0x0000000088311714       0xb4 build/gcc/obj/ril/src/ril_urc.o

.text.OnURCHandler_MQTT_OPEN
                0x00000000883117c8       0x8c
 .text.OnURCHandler_MQTT_OPEN
                0x00000000883117c8       0x8c build/gcc/obj/ril/src/ril_urc.o

.text.OnURCHandler_AlarmRing
                0x0000000088311854       0x18
 .text.OnURCHandler_AlarmRing
                0x0000000088311854       0x18 build/gcc/obj/ril/src/ril_urc.o

.text.OnURCHandler_InitStat
                0x000000008831186c       0x3c
 .text.OnURCHandler_InitStat
                0x000000008831186c       0x3c build/gcc/obj/ril/src/ril_urc.o

.text.OnURCHandler
                0x00000000883118a8       0x78
 .text.OnURCHandler
                0x00000000883118a8       0x78 build/gcc/obj/ril/src/ril_urc.o
                0x00000000883118a9                OnURCHandler

.text.OnURCHandler_FTP_Upload
                0x0000000088311920       0x74
 .text.OnURCHandler_FTP_Upload
                0x0000000088311920       0x74 build/gcc/obj/ril/src/ril_urc.o

.text.OnURCHandler_FTP_Download
                0x0000000088311994       0x74
 .text.OnURCHandler_FTP_Download
                0x0000000088311994       0x74 build/gcc/obj/ril/src/ril_urc.o

.text.OnURCHandler_CFUN
                0x0000000088311a08       0x64
 .text.OnURCHandler_CFUN
                0x0000000088311a08       0x64 build/gcc/obj/ril/src/ril_urc.o

.text.OnURCHandler_Voltage
                0x0000000088311a6c       0x5c
 .text.OnURCHandler_Voltage
                0x0000000088311a6c       0x5c build/gcc/obj/ril/src/ril_urc.o

.text.OnURCHandler_Network
                0x0000000088311ac8       0xd4
 .text.OnURCHandler_Network
                0x0000000088311ac8       0xd4 build/gcc/obj/ril/src/ril_urc.o

.text.OnURCHandler_Call
                0x0000000088311b9c      0x184
 .text.OnURCHandler_Call
                0x0000000088311b9c      0x184 build/gcc/obj/ril/src/ril_urc.o

.text.OnURCHandler_SIM
                0x0000000088311d20       0x90
 .text.OnURCHandler_SIM
                0x0000000088311d20       0x90 build/gcc/obj/ril/src/ril_urc.o

.text.OnURCHandler_SMS
                0x0000000088311db0       0xac
 .text.OnURCHandler_SMS
                0x0000000088311db0       0xac build/gcc/obj/ril/src/ril_urc.o

.text.Ql_RIL_AT_GetErrCode
                0x0000000088311e5c        0xc
 .text.Ql_RIL_AT_GetErrCode
                0x0000000088311e5c        0xc build/gcc/obj/ril/src/ril_atResponse.o
                0x0000000088311e5d                Ql_RIL_AT_GetErrCode

.text.Ql_RIL_AT_SetErrCode
                0x0000000088311e68        0xc
 .text.Ql_RIL_AT_SetErrCode
                0x0000000088311e68        0xc build/gcc/obj/ril/src/ril_atResponse.o
                0x0000000088311e69                Ql_RIL_AT_SetErrCode

.text.Default_atRsp_callback
                0x0000000088311e74       0x80
 .text.Default_atRsp_callback
                0x0000000088311e74       0x80 build/gcc/obj/ril/src/ril_atResponse.o
                0x0000000088311e75                Default_atRsp_callback

.text.RIL_Parse_value
                0x0000000088311ef4       0x70
 .text.RIL_Parse_value
                0x0000000088311ef4       0x70 build/gcc/obj/ril/src/ril_network.o
                0x0000000088311ef5                RIL_Parse_value

.text.RIL_NW_GetOperator
                0x0000000088311f64       0x4c
 .text.RIL_NW_GetOperator
                0x0000000088311f64       0x4c build/gcc/obj/ril/src/ril_network.o
                0x0000000088311f65                RIL_NW_GetOperator

.text.RIL_NW_ClosePDPContext
                0x0000000088311fb0       0x44
 .text.RIL_NW_ClosePDPContext
                0x0000000088311fb0       0x44 build/gcc/obj/ril/src/ril_network.o
                0x0000000088311fb1                RIL_NW_ClosePDPContext

.text.RIL_NW_GetIPStatus
                0x0000000088311ff4       0x28
 .text.RIL_NW_GetIPStatus
                0x0000000088311ff4       0x28 build/gcc/obj/ril/src/ril_network.o
                0x0000000088311ff5                RIL_NW_GetIPStatus

.text.RIL_NW_GetGPRSState
                0x000000008831201c       0x4c
 .text.RIL_NW_GetGPRSState
                0x000000008831201c       0x4c build/gcc/obj/ril/src/ril_network.o
                0x000000008831201d                RIL_NW_GetGPRSState

.text.RIL_NW_GetGSMState
                0x0000000088312068       0x50
 .text.RIL_NW_GetGSMState
                0x0000000088312068       0x50 build/gcc/obj/ril/src/ril_network.o
                0x0000000088312069                RIL_NW_GetGSMState

.text.ATRsp_COPS_Handler
                0x00000000883120b8       0xa8
 .text.ATRsp_COPS_Handler
                0x00000000883120b8       0xa8 build/gcc/obj/ril/src/ril_network.o

.text.ATRsp_QIDEACT_Hdlr
                0x0000000088312160       0x40
 .text.ATRsp_QIDEACT_Hdlr
                0x0000000088312160       0x40 build/gcc/obj/ril/src/ril_network.o

.text.ATResponse_CSQ_Handler
                0x00000000883121a0       0x70
 .text.ATResponse_CSQ_Handler
                0x00000000883121a0       0x70 build/gcc/obj/ril/src/ril_network.o

.text.ATResponse_CGREG_Handler
                0x0000000088312210       0x74
 .text.ATResponse_CGREG_Handler
                0x0000000088312210       0x74 build/gcc/obj/ril/src/ril_network.o

.text.ATResponse_CREG_Handler
                0x0000000088312284       0x74
 .text.ATResponse_CREG_Handler
                0x0000000088312284       0x74 build/gcc/obj/ril/src/ril_network.o

.text.RIL_NW_OpenPDPContext
                0x00000000883122f8       0x6c
 .text.RIL_NW_OpenPDPContext
                0x00000000883122f8       0x6c build/gcc/obj/ril/src/ril_network.o
                0x00000000883122f9                RIL_NW_OpenPDPContext

.text.RIL_NW_SetAPN
                0x0000000088312364       0x90
 .text.RIL_NW_SetAPN
                0x0000000088312364       0x90 build/gcc/obj/ril/src/ril_network.o
                0x0000000088312365                RIL_NW_SetAPN

.text.RIL_NW_SetGPRSContext
                0x00000000883123f4       0x4c
 .text.RIL_NW_SetGPRSContext
                0x00000000883123f4       0x4c build/gcc/obj/ril/src/ril_network.o
                0x00000000883123f5                RIL_NW_SetGPRSContext

.text.RIL_NW_GetSignalQuality
                0x0000000088312440       0x5c
 .text.RIL_NW_GetSignalQuality
                0x0000000088312440       0x5c build/gcc/obj/ril/src/ril_network.o
                0x0000000088312441                RIL_NW_GetSignalQuality

.text.RIL_NW_GetIpStatusByName
                0x000000008831249c       0xdc
 .text.RIL_NW_GetIpStatusByName
                0x000000008831249c       0xdc build/gcc/obj/ril/src/ril_network.o
                0x000000008831249d                RIL_NW_GetIpStatusByName

.text.ATResponse_IPStatus_Handler
                0x0000000088312578       0xa4
 .text.ATResponse_IPStatus_Handler
                0x0000000088312578       0xa4 build/gcc/obj/ril/src/ril_network.o

.text.OnURCHandler_QCELLLocation
                0x000000008831261c       0xd0
 .text.OnURCHandler_QCELLLocation
                0x000000008831261c       0xd0 build/gcc/obj/ril/src/ril_location.o
                0x000000008831261d                OnURCHandler_QCELLLocation

.text.RIL_GetLocationByCell
                0x00000000883126ec       0x94
 .text.RIL_GetLocationByCell
                0x00000000883126ec       0x94 build/gcc/obj/ril/src/ril_location.o
                0x00000000883126ed                RIL_GetLocationByCell

.text.RIL_GetLocation_Ex
                0x0000000088312780       0x9c
 .text.RIL_GetLocation_Ex
                0x0000000088312780       0x9c build/gcc/obj/ril/src/ril_location.o
                0x0000000088312781                RIL_GetLocation_Ex

.text.RIL_GetLocation
                0x000000008831281c       0x84
 .text.RIL_GetLocation
                0x000000008831281c       0x84 build/gcc/obj/ril/src/ril_location.o
                0x000000008831281d                RIL_GetLocation

.text.ATResponse_GetLocation_Ex_Handler
                0x00000000883128a0       0xc0
 .text.ATResponse_GetLocation_Ex_Handler
                0x00000000883128a0       0xc0 build/gcc/obj/ril/src/ril_location.o

.text.RIL_NTP_START
                0x0000000088312960       0x68
 .text.RIL_NTP_START
                0x0000000088312960       0x68 build/gcc/obj/ril/src/ril_ntp.o
                0x0000000088312961                RIL_NTP_START

.text.OnURCHandler_NTPCMD
                0x00000000883129c8       0x44
 .text.OnURCHandler_NTPCMD
                0x00000000883129c8       0x44 build/gcc/obj/ril/src/ril_ntp.o
                0x00000000883129c9                OnURCHandler_NTPCMD

.text.RIL_Telephony_Hangup
                0x0000000088312a0c       0x20
 .text.RIL_Telephony_Hangup
                0x0000000088312a0c       0x20 build/gcc/obj/ril/src/ril_telephony.o
                0x0000000088312a0d                RIL_Telephony_Hangup

.text.RIL_Telephony_Answer
                0x0000000088312a2c       0x24
 .text.RIL_Telephony_Answer
                0x0000000088312a2c       0x24 build/gcc/obj/ril/src/ril_telephony.o
                0x0000000088312a2d                RIL_Telephony_Answer

.text.Telephony_Answer_AT_handler
                0x0000000088312a50       0x74
 .text.Telephony_Answer_AT_handler
                0x0000000088312a50       0x74 build/gcc/obj/ril/src/ril_telephony.o

.text.Telephony_Dial_AT_handler
                0x0000000088312ac4       0x9c
 .text.Telephony_Dial_AT_handler
                0x0000000088312ac4       0x9c build/gcc/obj/ril/src/ril_telephony.o

.text.RIL_Telephony_Dial
                0x0000000088312b60       0x5c
 .text.RIL_Telephony_Dial
                0x0000000088312b60       0x5c build/gcc/obj/ril/src/ril_telephony.o
                0x0000000088312b61                RIL_Telephony_Dial

.text.ADP_SMS_ConvIdxToCoreIdx
                0x0000000088312bbc       0x14
 .text.ADP_SMS_ConvIdxToCoreIdx
                0x0000000088312bbc       0x14 build/gcc/obj/ril/src/ril_sms.o

.text.CmdGetStorageInfo
                0x0000000088312bd0       0x88
 .text.CmdGetStorageInfo
                0x0000000088312bd0       0x88 build/gcc/obj/ril/src/ril_sms.o

.text.RIL_SMS_DeleteSMS
                0x0000000088312c58       0xa4
 .text.RIL_SMS_DeleteSMS
                0x0000000088312c58       0xa4 build/gcc/obj/ril/src/ril_sms.o
                0x0000000088312c59                RIL_SMS_DeleteSMS

.text.CmdReadPDUMsg
                0x0000000088312cfc       0xb0
 .text.CmdReadPDUMsg
                0x0000000088312cfc       0xb0 build/gcc/obj/ril/src/ril_sms.o

.text.RIL_SMS_GetStorage
                0x0000000088312dac       0x10
 .text.RIL_SMS_GetStorage
                0x0000000088312dac       0x10 build/gcc/obj/ril/src/ril_sms.o
                0x0000000088312dad                RIL_SMS_GetStorage

.text.RIL_SMS_SetStorage
                0x0000000088312dbc       0xa0
 .text.RIL_SMS_SetStorage
                0x0000000088312dbc       0xa0 build/gcc/obj/ril/src/ril_sms.o
                0x0000000088312dbd                RIL_SMS_SetStorage

.text.ConvStringToPhoneNumber
                0x0000000088312e5c       0xa0
 .text.ConvStringToPhoneNumber
                0x0000000088312e5c       0xa0 build/gcc/obj/ril/src/ril_sms.o

.text.SMS_CMD_GeneralHandler
                0x0000000088312efc      0x2b8
 .text.SMS_CMD_GeneralHandler
                0x0000000088312efc      0x2b8 build/gcc/obj/ril/src/ril_sms.o

.text.RIL_SMS_ReadSMS_PDU
                0x00000000883131b4       0x80
 .text.RIL_SMS_ReadSMS_PDU
                0x00000000883131b4       0x80 build/gcc/obj/ril/src/ril_sms.o
                0x00000000883131b5                RIL_SMS_ReadSMS_PDU

.text.CmdSendPDUMsg
                0x0000000088313234       0xdc
 .text.CmdSendPDUMsg
                0x0000000088313234       0xdc build/gcc/obj/ril/src/ril_sms.o

.text.RIL_SMS_SendSMS_Text_Ext
                0x0000000088313310      0x1bc
 .text.RIL_SMS_SendSMS_Text_Ext
                0x0000000088313310      0x1bc build/gcc/obj/ril/src/ril_sms.o
                0x0000000088313311                RIL_SMS_SendSMS_Text_Ext

.text.RIL_SMS_SendSMS_Text
                0x00000000883134cc      0x16c
 .text.RIL_SMS_SendSMS_Text
                0x00000000883134cc      0x16c build/gcc/obj/ril/src/ril_sms.o
                0x00000000883134cd                RIL_SMS_SendSMS_Text

.text.RIL_SMS_SendSMS_PDU
                0x0000000088313638       0x64
 .text.RIL_SMS_SendSMS_PDU
                0x0000000088313638       0x64 build/gcc/obj/ril/src/ril_sms.o
                0x0000000088313639                RIL_SMS_SendSMS_PDU

.text.T.94      0x000000008831369c       0x6c
 .text.T.94     0x000000008831369c       0x6c build/gcc/obj/ril/src/ril_sms.o

.text.RIL_SMS_ReadSMS_Text
                0x0000000088313708      0x24c
 .text.RIL_SMS_ReadSMS_Text
                0x0000000088313708      0x24c build/gcc/obj/ril/src/ril_sms.o
                0x0000000088313709                RIL_SMS_ReadSMS_Text

.text.QSDK_Get_Str
                0x0000000088313954       0x90
 .text.QSDK_Get_Str
                0x0000000088313954       0x90 build/gcc/obj/ril/src/ril_system.o
                0x0000000088313955                QSDK_Get_Str

.text.RIL_GetIMEI
                0x00000000883139e4       0x48
 .text.RIL_GetIMEI
                0x00000000883139e4       0x48 build/gcc/obj/ril/src/ril_system.o
                0x00000000883139e5                RIL_GetIMEI

.text.RIL_GetPowerSupply
                0x0000000088313a2c       0x38
 .text.RIL_GetPowerSupply
                0x0000000088313a2c       0x38 build/gcc/obj/ril/src/ril_system.o
                0x0000000088313a2d                RIL_GetPowerSupply

.text.RIL_QuerySysInitStatus
                0x0000000088313a64       0x24
 .text.RIL_QuerySysInitStatus
                0x0000000088313a64       0x24 build/gcc/obj/ril/src/ril_system.o
                0x0000000088313a65                RIL_QuerySysInitStatus

.text.ATRsp_IMEI_Handler
                0x0000000088313a88       0x5c
 .text.ATRsp_IMEI_Handler
                0x0000000088313a88       0x5c build/gcc/obj/ril/src/ril_system.o

.text.Ql_SecureData_Store
                0x0000000088313ae4       0xe8
 .text.Ql_SecureData_Store
                0x0000000088313ae4       0xe8 build/gcc/obj/ril/src/ril_system.o
                0x0000000088313ae5                Ql_SecureData_Store

.text.Ql_SecureData_Read
                0x0000000088313bcc      0x138
 .text.Ql_SecureData_Read
                0x0000000088313bcc      0x138 build/gcc/obj/ril/src/ril_system.o
                0x0000000088313bcd                Ql_SecureData_Read

.text.SecureData_Read_Callback
                0x0000000088313d04       0xa0
 .text.SecureData_Read_Callback
                0x0000000088313d04       0xa0 build/gcc/obj/ril/src/ril_system.o

.text.Power_ATResponse_Hanlder
                0x0000000088313da4       0xf0
 .text.Power_ATResponse_Hanlder
                0x0000000088313da4       0xf0 build/gcc/obj/ril/src/ril_system.o

.text.SYS_ATResponse_Hanlder
                0x0000000088313e94       0xa8
 .text.SYS_ATResponse_Hanlder
                0x0000000088313e94       0xa8 build/gcc/obj/ril/src/ril_system.o

.text.OnURCHandler_QWDTMF
                0x0000000088313f3c       0x60
 .text.OnURCHandler_QWDTMF
                0x0000000088313f3c       0x60 build/gcc/obj/ril/src/Ril_dtmf.o
                0x0000000088313f3d                OnURCHandler_QWDTMF

.text.OnURCHandler_QToneDet
                0x0000000088313f9c       0x9c
 .text.OnURCHandler_QToneDet
                0x0000000088313f9c       0x9c build/gcc/obj/ril/src/Ril_dtmf.o
                0x0000000088313f9d                OnURCHandler_QToneDet

.text.RIL_WDTMF_Send
                0x0000000088314038       0x70
 .text.RIL_WDTMF_Send
                0x0000000088314038       0x70 build/gcc/obj/ril/src/Ril_dtmf.o
                0x0000000088314039                RIL_WDTMF_Send

.text.RIL_ToneDet_Get
                0x00000000883140a8       0x70
 .text.RIL_ToneDet_Get
                0x00000000883140a8       0x70 build/gcc/obj/ril/src/Ril_dtmf.o
                0x00000000883140a9                RIL_ToneDet_Get

.text.RIL_ToneDet_Set
                0x0000000088314118       0x6c
 .text.RIL_ToneDet_Set
                0x0000000088314118       0x6c build/gcc/obj/ril/src/Ril_dtmf.o
                0x0000000088314119                RIL_ToneDet_Set

.text.RIL_ToneDet_Close
                0x0000000088314184       0x44
 .text.RIL_ToneDet_Close
                0x0000000088314184       0x44 build/gcc/obj/ril/src/Ril_dtmf.o
                0x0000000088314185                RIL_ToneDet_Close

.text.RIL_ToneDet_Open
                0x00000000883141c8       0x4c
 .text.RIL_ToneDet_Open
                0x00000000883141c8       0x4c build/gcc/obj/ril/src/Ril_dtmf.o
                0x00000000883141c9                RIL_ToneDet_Open

.text.ATResponse_Handler
                0x0000000088314214      0x190
 .text.ATResponse_Handler
                0x0000000088314214       0x94 build/gcc/obj/ril/src/Ril_dtmf.o
 .text.ATResponse_Handler
                0x00000000883142a8       0x5c build/gcc/obj/ril/src/ril_mqtt.o
 .text.ATResponse_Handler
                0x0000000088314304       0xa0 build/gcc/obj/custom/ali/ali_mqtt_example.o

.text.RIL_SIM_GetCCID
                0x00000000883143a4       0x50
 .text.RIL_SIM_GetCCID
                0x00000000883143a4       0x50 build/gcc/obj/ril/src/ril_sim.o
                0x00000000883143a5                RIL_SIM_GetCCID

.text.RIL_SIM_GetIMSI
                0x00000000883143f4       0x50
 .text.RIL_SIM_GetIMSI
                0x00000000883143f4       0x50 build/gcc/obj/ril/src/ril_sim.o
                0x00000000883143f5                RIL_SIM_GetIMSI

.text.RIL_SIM_GetSimState
                0x0000000088314444       0x50
 .text.RIL_SIM_GetSimState
                0x0000000088314444       0x50 build/gcc/obj/ril/src/ril_sim.o
                0x0000000088314445                RIL_SIM_GetSimState

.text.ATRsp_CCID_Handler
                0x0000000088314494       0xa8
 .text.ATRsp_CCID_Handler
                0x0000000088314494       0xa8 build/gcc/obj/ril/src/ril_sim.o

.text.ATRsp_IMSI_Handler
                0x000000008831453c       0x5c
 .text.ATRsp_IMSI_Handler
                0x000000008831453c       0x5c build/gcc/obj/ril/src/ril_sim.o

.text.RIL_SIM_GetSimStateByName
                0x0000000088314598       0xd0
 .text.RIL_SIM_GetSimStateByName
                0x0000000088314598       0xd0 build/gcc/obj/ril/src/ril_sim.o
                0x0000000088314599                RIL_SIM_GetSimStateByName

.text.ATResponse_CPIN_Handler
                0x0000000088314668       0xe8
 .text.ATResponse_CPIN_Handler
                0x0000000088314668       0xe8 build/gcc/obj/ril/src/ril_sim.o

.text.RIL_QLBS_Loc
                0x0000000088314750       0x4c
 .text.RIL_QLBS_Loc
                0x0000000088314750       0x4c build/gcc/obj/ril/src/ril_location2.o
                0x0000000088314751                RIL_QLBS_Loc

.text.RIL_QLBS_Cfg
                0x000000008831479c       0xcc
 .text.RIL_QLBS_Cfg
                0x000000008831479c       0xcc build/gcc/obj/ril/src/ril_location2.o
                0x000000008831479d                RIL_QLBS_Cfg

.text.RIL_QLBS_Loc_Ex
                0x0000000088314868       0x7c
 .text.RIL_QLBS_Loc_Ex
                0x0000000088314868       0x7c build/gcc/obj/ril/src/ril_location2.o
                0x0000000088314869                RIL_QLBS_Loc_Ex

.text.ATResponse_Qlbs_Ex_Handler
                0x00000000883148e4      0x150
 .text.ATResponse_Qlbs_Ex_Handler
                0x00000000883148e4      0x150 build/gcc/obj/ril/src/ril_location2.o

.text.OnURCHandler_QLBS
                0x0000000088314a34      0x184
 .text.OnURCHandler_QLBS
                0x0000000088314a34      0x184 build/gcc/obj/ril/src/ril_location2.o
                0x0000000088314a35                OnURCHandler_QLBS

.text.RIL_GetInitCmdCnt
                0x0000000088314bb8        0x4
 .text.RIL_GetInitCmdCnt
                0x0000000088314bb8        0x4 build/gcc/obj/ril/src/ril_init.o
                0x0000000088314bb9                RIL_GetInitCmdCnt

.text.RIL_GetLimitedCmdCnt
                0x0000000088314bbc        0x4
 .text.RIL_GetLimitedCmdCnt
                0x0000000088314bbc        0x4 build/gcc/obj/ril/src/ril_init.o
                0x0000000088314bbd                RIL_GetLimitedCmdCnt

.text.RIL_FTP_QIDEACT
                0x0000000088314bc0       0x2c
 .text.RIL_FTP_QIDEACT
                0x0000000088314bc0       0x2c build/gcc/obj/ril/src/ril_ftp.o
                0x0000000088314bc1                RIL_FTP_QIDEACT

.text.Callback_QIDEACT
                0x0000000088314bec       0x40
 .text.Callback_QIDEACT
                0x0000000088314bec       0x40 build/gcc/obj/ril/src/ril_ftp.o

.text.RIL_FTP_QFTPRMDIR
                0x0000000088314c2c       0x64
 .text.RIL_FTP_QFTPRMDIR
                0x0000000088314c2c       0x64 build/gcc/obj/ril/src/ril_ftp.o
                0x0000000088314c2d                RIL_FTP_QFTPRMDIR

.text.RIL_FTP_QFTPMKDIR
                0x0000000088314c90       0x64
 .text.RIL_FTP_QFTPMKDIR
                0x0000000088314c90       0x64 build/gcc/obj/ril/src/ril_ftp.o
                0x0000000088314c91                RIL_FTP_QFTPMKDIR

.text.RIL_FTP_QFTPDELETE
                0x0000000088314cf4       0x64
 .text.RIL_FTP_QFTPDELETE
                0x0000000088314cf4       0x64 build/gcc/obj/ril/src/ril_ftp.o
                0x0000000088314cf5                RIL_FTP_QFTPDELETE

.text.RIL_FTP_QFTPSIZE
                0x0000000088314d58       0x70
 .text.RIL_FTP_QFTPSIZE
                0x0000000088314d58       0x70 build/gcc/obj/ril/src/ril_ftp.o
                0x0000000088314d59                RIL_FTP_QFTPSIZE

.text.RIL_FTP_QFTPRENAME
                0x0000000088314dc8       0x6c
 .text.RIL_FTP_QFTPRENAME
                0x0000000088314dc8       0x6c build/gcc/obj/ril/src/ril_ftp.o
                0x0000000088314dc9                RIL_FTP_QFTPRENAME

.text.RIL_FTP_QFTPLEN
                0x0000000088314e34       0x60
 .text.RIL_FTP_QFTPLEN
                0x0000000088314e34       0x60 build/gcc/obj/ril/src/ril_ftp.o
                0x0000000088314e35                RIL_FTP_QFTPLEN

.text.RIL_FTP_QFTPSTAT
                0x0000000088314e94       0x60
 .text.RIL_FTP_QFTPSTAT
                0x0000000088314e94       0x60 build/gcc/obj/ril/src/ril_ftp.o
                0x0000000088314e95                RIL_FTP_QFTPSTAT

.text.RIL_FTP_QFTPCFG
                0x0000000088314ef4       0x70
 .text.RIL_FTP_QFTPCFG
                0x0000000088314ef4       0x70 build/gcc/obj/ril/src/ril_ftp.o
                0x0000000088314ef5                RIL_FTP_QFTPCFG

.text.RIL_FTP_QFTPPATH
                0x0000000088314f64       0x64
 .text.RIL_FTP_QFTPPATH
                0x0000000088314f64       0x64 build/gcc/obj/ril/src/ril_ftp.o
                0x0000000088314f65                RIL_FTP_QFTPPATH

.text.RIL_FTP_QFTPGET
                0x0000000088314fc8       0x74
 .text.RIL_FTP_QFTPGET
                0x0000000088314fc8       0x74 build/gcc/obj/ril/src/ril_ftp.o
                0x0000000088314fc9                RIL_FTP_QFTPGET

.text.RIL_FTP_QFTPPUT
                0x000000008831503c       0x7c
 .text.RIL_FTP_QFTPPUT
                0x000000008831503c       0x7c build/gcc/obj/ril/src/ril_ftp.o
                0x000000008831503d                RIL_FTP_QFTPPUT

.text.RIL_FTP_QFTPCLOSE
                0x00000000883150b8       0x5c
 .text.RIL_FTP_QFTPCLOSE
                0x00000000883150b8       0x5c build/gcc/obj/ril/src/ril_ftp.o
                0x00000000883150b9                RIL_FTP_QFTPCLOSE

.text.ATResponse_QFTPSTAT_handler
                0x0000000088315114       0xf4
 .text.ATResponse_QFTPSTAT_handler
                0x0000000088315114       0xf4 build/gcc/obj/ril/src/ril_ftp.o

.text.ATResponse_FTP_handler_Common
                0x0000000088315208       0xbc
 .text.ATResponse_FTP_handler_Common
                0x0000000088315208       0xbc build/gcc/obj/ril/src/ril_ftp.o

.text.ATResponse_QFTPLEN_handler
                0x00000000883152c4       0xb8
 .text.ATResponse_QFTPLEN_handler
                0x00000000883152c4       0xb8 build/gcc/obj/ril/src/ril_ftp.o

.text.RIL_FTP_QFTPOPEN
                0x000000008831537c      0x14c
 .text.RIL_FTP_QFTPOPEN
                0x000000008831537c      0x14c build/gcc/obj/ril/src/ril_ftp.o
                0x000000008831537d                RIL_FTP_QFTPOPEN

.text.RIL_Alarm_Remove
                0x00000000883154c8       0x9c
 .text.RIL_Alarm_Remove
                0x00000000883154c8       0x9c build/gcc/obj/ril/src/ril_alarm.o
                0x00000000883154c9                RIL_Alarm_Remove

.text.RIL_Alarm_Query
                0x0000000088315564       0x4c
 .text.RIL_Alarm_Query
                0x0000000088315564       0x4c build/gcc/obj/ril/src/ril_alarm.o
                0x0000000088315565                RIL_Alarm_Query

.text.RIL_Alarm_Create
                0x00000000883155b0       0xa8
 .text.RIL_Alarm_Create
                0x00000000883155b0       0xa8 build/gcc/obj/ril/src/ril_alarm.o
                0x00000000883155b1                RIL_Alarm_Create

.text.ATResponse_QALARM_Handler
                0x0000000088315658      0x1d4
 .text.ATResponse_QALARM_Handler
                0x0000000088315658      0x1d4 build/gcc/obj/ril/src/ril_alarm.o

.text.Ql_StrPrefixMatch
                0x000000008831582c       0x20
 .text.Ql_StrPrefixMatch
                0x000000008831582c       0x20 build/gcc/obj/ril/src/ril_util.o
                0x000000008831582d                Ql_StrPrefixMatch

.text.Ql_GenHash
                0x000000008831584c       0x34
 .text.Ql_GenHash
                0x000000008831584c       0x34 build/gcc/obj/ril/src/ril_util.o
                0x000000008831584d                Ql_GenHash

.text.Ql_RIL_FindString
                0x0000000088315880       0x58
 .text.Ql_RIL_FindString
                0x0000000088315880       0x58 build/gcc/obj/ril/src/ril_util.o
                0x0000000088315881                Ql_RIL_FindString

.text.Ql_RIL_FindLine
                0x00000000883158d8      0x160
 .text.Ql_RIL_FindLine
                0x00000000883158d8      0x160 build/gcc/obj/ril/src/ril_util.o
                0x00000000883158d9                Ql_RIL_FindLine

.text.Ql_StrToUpper
                0x0000000088315a38       0x38
 .text.Ql_StrToUpper
                0x0000000088315a38       0x38 build/gcc/obj/ril/src/ril_util.o
                0x0000000088315a39                Ql_StrToUpper

.text.Ql_HexStrToInt
                0x0000000088315a70       0x60
 .text.Ql_HexStrToInt
                0x0000000088315a70       0x60 build/gcc/obj/ril/src/ril_util.o
                0x0000000088315a71                Ql_HexStrToInt

.text.RIL_MQTT_QMTDISC
                0x0000000088315ad0       0x50
 .text.RIL_MQTT_QMTDISC
                0x0000000088315ad0       0x50 build/gcc/obj/ril/src/ril_mqtt.o
                0x0000000088315ad1                RIL_MQTT_QMTDISC

.text.RIL_MQTT_QMTCLOSE
                0x0000000088315b20       0x50
 .text.RIL_MQTT_QMTCLOSE
                0x0000000088315b20       0x50 build/gcc/obj/ril/src/ril_mqtt.o
                0x0000000088315b21                RIL_MQTT_QMTCLOSE

.text.RIL_MQTT_QMTCONN
                0x0000000088315b70       0x78
 .text.RIL_MQTT_QMTCONN
                0x0000000088315b70       0x78 build/gcc/obj/ril/src/ril_mqtt.o
                0x0000000088315b71                RIL_MQTT_QMTCONN

.text.RIL_MQTT_QMTOPEN
                0x0000000088315be8       0x60
 .text.RIL_MQTT_QMTOPEN
                0x0000000088315be8       0x60 build/gcc/obj/ril/src/ril_mqtt.o
                0x0000000088315be9                RIL_MQTT_QMTOPEN

.text.RIL_MQTT_QMTCFG_Version_Select
                0x0000000088315c48       0x58
 .text.RIL_MQTT_QMTCFG_Version_Select
                0x0000000088315c48       0x58 build/gcc/obj/ril/src/ril_mqtt.o
                0x0000000088315c49                RIL_MQTT_QMTCFG_Version_Select

.text.RIL_MQTT_QMTCFG_Ali
                0x0000000088315ca0       0x60
 .text.RIL_MQTT_QMTCFG_Ali
                0x0000000088315ca0       0x60 build/gcc/obj/ril/src/ril_mqtt.o
                0x0000000088315ca1                RIL_MQTT_QMTCFG_Ali

.text.RIL_MQTT_QMTPUB
                0x0000000088315d00       0x90
 .text.RIL_MQTT_QMTPUB
                0x0000000088315d00       0x90 build/gcc/obj/ril/src/ril_mqtt.o
                0x0000000088315d01                RIL_MQTT_QMTPUB

.text.ATResponse_QMTPUB_handler
                0x0000000088315d90       0x70
 .text.ATResponse_QMTPUB_handler
                0x0000000088315d90       0x70 build/gcc/obj/ril/src/ril_mqtt.o

.text.RIL_MQTT_QMTUNS
                0x0000000088315e00       0xf8
 .text.RIL_MQTT_QMTUNS
                0x0000000088315e00       0xf8 build/gcc/obj/ril/src/ril_mqtt.o
                0x0000000088315e01                RIL_MQTT_QMTUNS

.text.RIL_MQTT_QMTSUB
                0x0000000088315ef8      0x104
 .text.RIL_MQTT_QMTSUB
                0x0000000088315ef8      0x104 build/gcc/obj/ril/src/ril_mqtt.o
                0x0000000088315ef9                RIL_MQTT_QMTSUB

.text.Analyse_Command
                0x0000000088315ffc      0x10c
 .text.Analyse_Command
                0x0000000088315ffc      0x10c build/gcc/obj/example/debug.o
                0x0000000088315ffd                Analyse_Command

.text.ReadSerialPort
                0x0000000088316108       0x4c
 .text.ReadSerialPort
                0x0000000088316108       0x4c build/gcc/obj/example/debug.o
                0x0000000088316109                ReadSerialPort

.text.Dfota_Upgrade_States
                0x0000000088316154       0xc8
 .text.Dfota_Upgrade_States
                0x0000000088316154       0xc8 build/gcc/obj/custom/dfota/src/dfota_main.o

.text.Ql_DFOTA_StartUpgrade
                0x000000008831621c      0x104
 .text.Ql_DFOTA_StartUpgrade
                0x000000008831621c      0x104 build/gcc/obj/custom/dfota/src/dfota_main.o
                0x000000008831621d                Ql_DFOTA_StartUpgrade

.text.FTP_Callback_OnDownload
                0x0000000088316320      0x2b0
 .text.FTP_Callback_OnDownload
                0x0000000088316320      0x2b0 build/gcc/obj/custom/dfota/src/dfota_ftp.o
                0x0000000088316321                FTP_Callback_OnDownload

.text.FTP_IsFtpServer
                0x00000000883165d0       0x44
 .text.FTP_IsFtpServer
                0x00000000883165d0       0x44 build/gcc/obj/custom/dfota/src/dfota_ftp.o
                0x00000000883165d1                FTP_IsFtpServer

.text.FTP_DfotaMain
                0x0000000088316614      0x5f0
 .text.FTP_DfotaMain
                0x0000000088316614      0x5f0 build/gcc/obj/custom/dfota/src/dfota_ftp.o
                0x0000000088316615                FTP_DfotaMain

.text.quectel_stricmp_bylength
                0x0000000088316c04       0x68
 .text.quectel_stricmp_bylength
                0x0000000088316c04       0x68 build/gcc/obj/custom/dfota/src/dfota_http_code.o
                0x0000000088316c05                quectel_stricmp_bylength

.text.http_ip_check
                0x0000000088316c6c       0x38
 .text.http_ip_check
                0x0000000088316c6c       0x38 build/gcc/obj/custom/dfota/src/dfota_http_code.o
                0x0000000088316c6d                http_ip_check

.text.find_linesymbol
                0x0000000088316ca4       0x50
 .text.find_linesymbol
                0x0000000088316ca4       0x50 build/gcc/obj/custom/dfota/src/dfota_http_code.o
                0x0000000088316ca5                find_linesymbol

.text.http_DecodeHeader
                0x0000000088316cf4      0x1d0
 .text.http_DecodeHeader
                0x0000000088316cf4      0x1d0 build/gcc/obj/custom/dfota/src/dfota_http_code.o
                0x0000000088316cf5                http_DecodeHeader

.text.http_DecodeURL
                0x0000000088316ec4      0x288
 .text.http_DecodeURL
                0x0000000088316ec4      0x288 build/gcc/obj/custom/dfota/src/dfota_http_code.o
                0x0000000088316ec5                http_DecodeURL

.text.HttpCallback_GPRS_Actived
                0x000000008831714c        0x4
 .text.HttpCallback_GPRS_Actived
                0x000000008831714c        0x4 build/gcc/obj/custom/dfota/src/dfota_http.o
                0x000000008831714d                HttpCallback_GPRS_Actived

.text.HttpCallBack_GPRS_Deactived
                0x0000000088317150        0x4
 .text.HttpCallBack_GPRS_Deactived
                0x0000000088317150        0x4 build/gcc/obj/custom/dfota/src/dfota_http.o
                0x0000000088317151                HttpCallBack_GPRS_Deactived

.text.Httpcallback_socket_connect
                0x0000000088317154        0x4
 .text.Httpcallback_socket_connect
                0x0000000088317154        0x4 build/gcc/obj/custom/dfota/src/dfota_http.o
                0x0000000088317155                Httpcallback_socket_connect

.text.Httpcallback_socket_close
                0x0000000088317158        0x4
 .text.Httpcallback_socket_close
                0x0000000088317158        0x4 build/gcc/obj/custom/dfota/src/dfota_http.o
                0x0000000088317159                Httpcallback_socket_close

.text.Httpcallback_socket_accept
                0x000000008831715c        0x4
 .text.Httpcallback_socket_accept
                0x000000008831715c        0x4 build/gcc/obj/custom/dfota/src/dfota_http.o
                0x000000008831715d                Httpcallback_socket_accept

.text.Httpcallback_socket_write
                0x0000000088317160        0x4
 .text.Httpcallback_socket_write
                0x0000000088317160        0x4 build/gcc/obj/custom/dfota/src/dfota_http.o
                0x0000000088317161                Httpcallback_socket_write

.text.http_RecvHttpChunkedBody
                0x0000000088317164       0x34
 .text.http_RecvHttpChunkedBody
                0x0000000088317164       0x34 build/gcc/obj/custom/dfota/src/dfota_http.o
                0x0000000088317165                http_RecvHttpChunkedBody

.text.http_TimerCallback
                0x0000000088317198       0x5c
 .text.http_TimerCallback
                0x0000000088317198       0x5c build/gcc/obj/custom/dfota/src/dfota_http.o
                0x0000000088317199                http_TimerCallback

.text.http_RecvHttpBody
                0x00000000883171f4      0x270
 .text.http_RecvHttpBody
                0x00000000883171f4      0x270 build/gcc/obj/custom/dfota/src/dfota_http.o
                0x00000000883171f5                http_RecvHttpBody

.text.http_RecvHttpHead
                0x0000000088317464      0x1b4
 .text.http_RecvHttpHead
                0x0000000088317464      0x1b4 build/gcc/obj/custom/dfota/src/dfota_http.o
                0x0000000088317465                http_RecvHttpHead

.text.Httpcallback_socket_read
                0x0000000088317618       0xa0
 .text.Httpcallback_socket_read
                0x0000000088317618       0xa0 build/gcc/obj/custom/dfota/src/dfota_http.o
                0x0000000088317619                Httpcallback_socket_read

.text.http_initialize
                0x00000000883176b8       0x9c
 .text.http_initialize
                0x00000000883176b8       0x9c build/gcc/obj/custom/dfota/src/dfota_http.o
                0x00000000883176b9                http_initialize

.text.http_SendHttpGetHead
                0x0000000088317754      0x300
 .text.http_SendHttpGetHead
                0x0000000088317754      0x300 build/gcc/obj/custom/dfota/src/dfota_http.o
                0x0000000088317755                http_SendHttpGetHead

.text.http_GetImagefilefromServer
                0x0000000088317a54       0xe8
 .text.http_GetImagefilefromServer
                0x0000000088317a54       0xe8 build/gcc/obj/custom/dfota/src/dfota_http.o
                0x0000000088317a55                http_GetImagefilefromServer

.text.Callback_GetIpByHostName
                0x0000000088317b3c       0x40
 .text.Callback_GetIpByHostName
                0x0000000088317b3c       0x40 build/gcc/obj/custom/dfota/src/dfota_http.o
                0x0000000088317b3d                Callback_GetIpByHostName

.text.HTTP_DfotaMain
                0x0000000088317b7c      0x26c
 .text.HTTP_DfotaMain
                0x0000000088317b7c      0x26c build/gcc/obj/custom/dfota/src/dfota_http.o
                0x0000000088317b7d                HTTP_DfotaMain

.text.HTTP_IsHttpServer
                0x0000000088317de8       0x44
 .text.HTTP_IsHttpServer
                0x0000000088317de8       0x44 build/gcc/obj/custom/dfota/src/dfota_http.o
                0x0000000088317de9                HTTP_IsHttpServer

.text.seek_comma_pos
                0x0000000088317e2c       0x3c
 .text.seek_comma_pos
                0x0000000088317e2c       0x3c build/gcc/obj/custom/utils/data_process.o
                0x0000000088317e2d                seek_comma_pos

.text.get_device_info
                0x0000000088317e68       0x8c
 .text.get_device_info
                0x0000000088317e68       0x8c build/gcc/obj/custom/utils/data_process.o
                0x0000000088317e69                get_device_info

.text.get_product_secret
                0x0000000088317ef4       0x20
 .text.get_product_secret
                0x0000000088317ef4       0x20 build/gcc/obj/custom/utils/data_process.o
                0x0000000088317ef5                get_product_secret

.text.get_event_name
                0x0000000088317f14       0x58
 .text.get_event_name
                0x0000000088317f14       0x58 build/gcc/obj/custom/utils/data_process.o
                0x0000000088317f15                get_event_name

.text.get_paylaod
                0x0000000088317f6c       0x78
 .text.get_paylaod
                0x0000000088317f6c       0x78 build/gcc/obj/custom/utils/data_process.o
                0x0000000088317f6d                get_paylaod

.text.iotx_report_mid
                0x0000000088317fe4        0x4
 .text.iotx_report_mid
                0x0000000088317fe4        0x4 build/gcc/obj/custom/ali/ali_mqtt_example.o
                0x0000000088317fe5                iotx_report_mid

.text.iotx_report_id
                0x0000000088317fe8       0x10
 .text.iotx_report_id
                0x0000000088317fe8       0x10 build/gcc/obj/custom/ali/ali_mqtt_example.o
                0x0000000088317fe9                iotx_report_id

.text.printf_mqtt_conn_result
                0x0000000088317ff8       0xe0
 .text.printf_mqtt_conn_result
                0x0000000088317ff8       0xe0 build/gcc/obj/custom/ali/ali_mqtt_example.o
                0x0000000088317ff9                printf_mqtt_conn_result

.text.uart_write_data
                0x00000000883180d8       0x24
 .text.uart_write_data
                0x00000000883180d8       0x24 build/gcc/obj/custom/ali/ali_mqtt_example.o

.text.RIL_MQTT_QMTCFG_TIMEOUT
                0x00000000883180fc       0x6c
 .text.RIL_MQTT_QMTCFG_TIMEOUT
                0x00000000883180fc       0x6c build/gcc/obj/custom/ali/ali_mqtt_example.o
                0x00000000883180fd                RIL_MQTT_QMTCFG_TIMEOUT

.text.RIL_MQTT_QMTCFG_KEEPALIVE
                0x0000000088318168       0x5c
 .text.RIL_MQTT_QMTCFG_KEEPALIVE
                0x0000000088318168       0x5c build/gcc/obj/custom/ali/ali_mqtt_example.o
                0x0000000088318169                RIL_MQTT_QMTCFG_KEEPALIVE

.text.RIL_MQTT_QMTCFG_VERSION
                0x00000000883181c4       0x5c
 .text.RIL_MQTT_QMTCFG_VERSION
                0x00000000883181c4       0x5c build/gcc/obj/custom/ali/ali_mqtt_example.o
                0x00000000883181c5                RIL_MQTT_QMTCFG_VERSION

.text.get_mqtt_topic_id
                0x0000000088318220       0x60
 .text.get_mqtt_topic_id
                0x0000000088318220       0x60 build/gcc/obj/custom/ali/ali_mqtt_example.o
                0x0000000088318221                get_mqtt_topic_id

.text.example_publish
                0x0000000088318280      0x198
 .text.example_publish
                0x0000000088318280      0x198 build/gcc/obj/custom/ali/ali_mqtt_example.o
                0x0000000088318281                example_publish

.text.example_user_post_event
                0x0000000088318418      0x118
 .text.example_user_post_event
                0x0000000088318418      0x118 build/gcc/obj/custom/ali/ali_mqtt_example.o
                0x0000000088318419                example_user_post_event

.text.example_user_post_property
                0x0000000088318530       0xf0
 .text.example_user_post_property
                0x0000000088318530       0xf0 build/gcc/obj/custom/ali/ali_mqtt_example.o
                0x0000000088318531                example_user_post_property

.text.iotx_report_device_imei_info
                0x0000000088318620       0x88
 .text.iotx_report_device_imei_info
                0x0000000088318620       0x88 build/gcc/obj/custom/ali/ali_mqtt_example.o
                0x0000000088318621                iotx_report_device_imei_info

.text.iotx_report_devinfo
                0x00000000883186a8      0x1c4
 .text.iotx_report_devinfo
                0x00000000883186a8      0x1c4 build/gcc/obj/custom/ali/ali_mqtt_example.o
                0x00000000883186a9                iotx_report_devinfo

.text.GetFirmwareVersion
                0x000000008831886c       0x40
 .text.GetFirmwareVersion
                0x000000008831886c       0x40 build/gcc/obj/custom/ali/ali_mqtt_example.o
                0x000000008831886d                GetFirmwareVersion

.text.iotx_report_firmware_version
                0x00000000883188ac      0x1e4
 .text.iotx_report_firmware_version
                0x00000000883188ac      0x1e4 build/gcc/obj/custom/ali/ali_mqtt_example.o
                0x00000000883188ad                iotx_report_firmware_version

.text.read_fromfs
                0x0000000088318a90      0x100
 .text.read_fromfs
                0x0000000088318a90      0x100 build/gcc/obj/custom/ali/ali_mqtt_example.o

.text.read_device_info_fromfs
                0x0000000088318b90       0x60
 .text.read_device_info_fromfs
                0x0000000088318b90       0x60 build/gcc/obj/custom/ali/ali_mqtt_example.o

.text.read_productsecret_fromfs
                0x0000000088318bf0       0x60
 .text.read_productsecret_fromfs
                0x0000000088318bf0       0x60 build/gcc/obj/custom/ali/ali_mqtt_example.o

.text.write_tofs
                0x0000000088318c50      0x354
 .text.write_tofs
                0x0000000088318c50      0x354 build/gcc/obj/custom/ali/ali_mqtt_example.o

.text.proc_main_task
                0x0000000088318fa4     0x12c8
 .text.proc_main_task
                0x0000000088318fa4     0x12c8 build/gcc/obj/custom/ali/ali_mqtt_example.o
                0x0000000088318fa5                proc_main_task

.text.write_run_through_flag_tofs
                0x000000008831a26c       0x60
 .text.write_run_through_flag_tofs
                0x000000008831a26c       0x60 build/gcc/obj/custom/ali/ali_mqtt_example.o

.text.callback_mqtt_recv
                0x000000008831a2cc      0x668
 .text.callback_mqtt_recv
                0x000000008831a2cc      0x668 build/gcc/obj/custom/ali/ali_mqtt_example.o

.text.callback_WatchDogTimer
                0x000000008831a934       0x2c
 .text.callback_WatchDogTimer
                0x000000008831a934       0x2c build/gcc/obj/custom/ali/ali_mqtt_example.o

.text.Callback_Timer
                0x000000008831a960      0xab4
 .text.Callback_Timer
                0x000000008831a960      0xab4 build/gcc/obj/custom/ali/ali_mqtt_example.o

.text.CallBack_UART_Hdlr
                0x000000008831b414      0x468
 .text.CallBack_UART_Hdlr
                0x000000008831b414      0x468 build/gcc/obj/custom/ali/ali_mqtt_example.o

.text._sign_get_clientid
                0x000000008831b87c      0x13c
 .text._sign_get_clientid
                0x000000008831b87c      0x13c build/gcc/obj/libs/ali/dev_sign/dev_sign_mqtt.o
                0x000000008831b87d                _sign_get_clientid

.text._iotx_generate_sign_string
                0x000000008831b9b8      0x15c
 .text._iotx_generate_sign_string
                0x000000008831b9b8      0x15c build/gcc/obj/libs/ali/dev_sign/dev_sign_mqtt.o
                0x000000008831b9b9                _iotx_generate_sign_string

.text.IOT_Sign_MQTT
                0x000000008831bb14      0x200
 .text.IOT_Sign_MQTT
                0x000000008831bb14      0x200 build/gcc/obj/libs/ali/dev_sign/dev_sign_mqtt.o
                0x000000008831bb15                IOT_Sign_MQTT

.text.utils_sha256_starts
                0x000000008831bd14       0x4c
 .text.utils_sha256_starts
                0x000000008831bd14       0x4c build/gcc/obj/libs/ali/infra/infra_sha256.o
                0x000000008831bd15                utils_sha256_starts

.text.utils_sha256_process
                0x000000008831bd60      0x1d4
 .text.utils_sha256_process
                0x000000008831bd60      0x1d4 build/gcc/obj/libs/ali/infra/infra_sha256.o
                0x000000008831bd61                utils_sha256_process

.text.utils_sha256_init
                0x000000008831bf34       0x14
 .text.utils_sha256_init
                0x000000008831bf34       0x14 build/gcc/obj/libs/ali/infra/infra_sha256.o
                0x000000008831bf35                utils_sha256_init

.text.utils_sha256_update
                0x000000008831bf48       0xa0
 .text.utils_sha256_update
                0x000000008831bf48       0xa0 build/gcc/obj/libs/ali/infra/infra_sha256.o
                0x000000008831bf49                utils_sha256_update

.text.utils_sha256_finish
                0x000000008831bfe8      0x104
 .text.utils_sha256_finish
                0x000000008831bfe8      0x104 build/gcc/obj/libs/ali/infra/infra_sha256.o
                0x000000008831bfe9                utils_sha256_finish

.text.utils_hmac_sha256
                0x000000008831c0ec       0xcc
 .text.utils_hmac_sha256
                0x000000008831c0ec       0xcc build/gcc/obj/libs/ali/infra/infra_sha256.o
                0x000000008831c0ed                utils_hmac_sha256

.text.utils_sha256_free
                0x000000008831c1b8       0x18
 .text.utils_sha256_free
                0x000000008831c1b8       0x18 build/gcc/obj/libs/ali/infra/infra_sha256.o
                0x000000008831c1b9                utils_sha256_free

.text.utils_sha256
                0x000000008831c1d0       0x44
 .text.utils_sha256
                0x000000008831c1d0       0x44 build/gcc/obj/libs/ali/infra/infra_sha256.o
                0x000000008831c1d1                utils_sha256

.text.IOT_SetLogLevel
                0x000000008831c214        0x4
 .text.IOT_SetLogLevel
                0x000000008831c214        0x4 build/gcc/obj/libs/ali/infra/infra_log.o
                0x000000008831c215                IOT_SetLogLevel

.text.log_multi_line_internal
                0x000000008831c218        0x4
 .text.log_multi_line_internal
                0x000000008831c218        0x4 build/gcc/obj/libs/ali/infra/infra_log.o
                0x000000008831c219                log_multi_line_internal

.text.LITE_rich_hexdump
                0x000000008831c21c        0x4
 .text.LITE_rich_hexdump
                0x000000008831c21c        0x4 build/gcc/obj/libs/ali/infra/infra_log.o
                0x000000008831c21d                LITE_rich_hexdump

.text.Ql_isspace
                0x000000008831c220       0x1c
 .text.Ql_isspace
                0x000000008831c220       0x1c build/gcc/obj/libs/libc/ctype/isspace.o
                0x000000008831c221                Ql_isspace

.text.do_rand   0x000000008831c23c       0x50
 .text.do_rand  0x000000008831c23c       0x50 build/gcc/obj/libs/libc/stdlib/rand.o

.text.rand_r    0x000000008831c28c       0x20
 .text.rand_r   0x000000008831c28c       0x20 build/gcc/obj/libs/libc/stdlib/rand.o
                0x000000008831c28d                rand_r

.text.Ql_rand   0x000000008831c2ac       0x18
 .text.Ql_rand  0x000000008831c2ac       0x18 build/gcc/obj/libs/libc/stdlib/rand.o
                0x000000008831c2ad                Ql_rand

.text.Ql_srand  0x000000008831c2c4        0xc
 .text.Ql_srand
                0x000000008831c2c4        0xc build/gcc/obj/libs/libc/stdlib/rand.o
                0x000000008831c2c5                Ql_srand

.text.strlen    0x000000008831c2d0       0x10
 .text.strlen   0x000000008831c2d0       0x10 build/gcc/obj/libs/libc/stdlib/strlen.o
                0x000000008831c2d1                strlen

.text.Ql_realloc
                0x000000008831c2e0       0x44
 .text.Ql_realloc
                0x000000008831c2e0       0x44 build/gcc/obj/libs/libc/stdlib/realloc.o
                0x000000008831c2e1                Ql_realloc

.text.Ql_reallocf
                0x000000008831c324       0x24
 .text.Ql_reallocf
                0x000000008831c324       0x24 build/gcc/obj/libs/libc/stdlib/realloc.o
                0x000000008831c325                Ql_reallocf

.text.Ql_strtod
                0x000000008831c348      0x144
 .text.Ql_strtod
                0x000000008831c348      0x144 build/gcc/obj/libs/libc/stdlib/strtod.o
                0x000000008831c349                Ql_strtod

.text.cJSON_GetErrorPtr
                0x000000008831c48c       0x10
 .text.cJSON_GetErrorPtr
                0x000000008831c48c       0x10 build/gcc/obj/libs/cjson/cJSON.o
                0x000000008831c48d                cJSON_GetErrorPtr

.text.cJSON_Version
                0x000000008831c49c       0x2c
 .text.cJSON_Version
                0x000000008831c49c       0x2c build/gcc/obj/libs/cjson/cJSON.o
                0x000000008831c49d                cJSON_Version

.text.cJSON_Delete
                0x000000008831c4c8       0x68
 .text.cJSON_Delete
                0x000000008831c4c8       0x68 build/gcc/obj/libs/cjson/cJSON.o
                0x000000008831c4c9                cJSON_Delete

.text.get_decimal_point
                0x000000008831c530        0x4
 .text.get_decimal_point
                0x000000008831c530        0x4 build/gcc/obj/libs/cjson/cJSON.o

.text.cJSON_SetNumberHelper
                0x000000008831c538       0x78
 .text.cJSON_SetNumberHelper
                0x000000008831c538       0x78 build/gcc/obj/libs/cjson/cJSON.o
                0x000000008831c539                cJSON_SetNumberHelper

.text.parse_hex4
                0x000000008831c5b0       0x50
 .text.parse_hex4
                0x000000008831c5b0       0x50 build/gcc/obj/libs/cjson/cJSON.o

.text.parse_string
                0x000000008831c600      0x22c
 .text.parse_string
                0x000000008831c600      0x22c build/gcc/obj/libs/cjson/cJSON.o

.text.buffer_skip_whitespace
                0x000000008831c82c       0x30
 .text.buffer_skip_whitespace
                0x000000008831c82c       0x30 build/gcc/obj/libs/cjson/cJSON.o

.text.cJSON_GetArraySize
                0x000000008831c85c       0x10
 .text.cJSON_GetArraySize
                0x000000008831c85c       0x10 build/gcc/obj/libs/cjson/cJSON.o
                0x000000008831c85d                cJSON_GetArraySize

.text.get_array_item
                0x000000008831c86c       0x14
 .text.get_array_item
                0x000000008831c86c       0x14 build/gcc/obj/libs/cjson/cJSON.o

.text.cJSON_GetArrayItem
                0x000000008831c880       0x18
 .text.cJSON_GetArrayItem
                0x000000008831c880       0x18 build/gcc/obj/libs/cjson/cJSON.o
                0x000000008831c881                cJSON_GetArrayItem

.text.suffix_object
                0x000000008831c898        0x8
 .text.suffix_object
                0x000000008831c898        0x8 build/gcc/obj/libs/cjson/cJSON.o

.text.cJSON_AddItemToArray
                0x000000008831c8a0       0x24
 .text.cJSON_AddItemToArray
                0x000000008831c8a0       0x24 build/gcc/obj/libs/cjson/cJSON.o
                0x000000008831c8a1                cJSON_AddItemToArray

.text.cJSON_AddItemToObjectCS
                0x000000008831c8c4       0x48
 .text.cJSON_AddItemToObjectCS
                0x000000008831c8c4       0x48 build/gcc/obj/libs/cjson/cJSON.o
                0x000000008831c8c5                cJSON_AddItemToObjectCS

.text.cJSON_DetachItemViaPointer
                0x000000008831c90c       0x30
 .text.cJSON_DetachItemViaPointer
                0x000000008831c90c       0x30 build/gcc/obj/libs/cjson/cJSON.o
                0x000000008831c90d                cJSON_DetachItemViaPointer

.text.cJSON_DetachItemFromArray
                0x000000008831c93c       0x24
 .text.cJSON_DetachItemFromArray
                0x000000008831c93c       0x24 build/gcc/obj/libs/cjson/cJSON.o
                0x000000008831c93d                cJSON_DetachItemFromArray

.text.cJSON_DeleteItemFromArray
                0x000000008831c960       0x18
 .text.cJSON_DeleteItemFromArray
                0x000000008831c960       0x18 build/gcc/obj/libs/cjson/cJSON.o
                0x000000008831c961                cJSON_DeleteItemFromArray

.text.cJSON_InsertItemInArray
                0x000000008831c978       0x44
 .text.cJSON_InsertItemInArray
                0x000000008831c978       0x44 build/gcc/obj/libs/cjson/cJSON.o
                0x000000008831c979                cJSON_InsertItemInArray

.text.cJSON_ReplaceItemViaPointer
                0x000000008831c9bc       0x44
 .text.cJSON_ReplaceItemViaPointer
                0x000000008831c9bc       0x44 build/gcc/obj/libs/cjson/cJSON.o
                0x000000008831c9bd                cJSON_ReplaceItemViaPointer

.text.cJSON_ReplaceItemInArray
                0x000000008831ca00       0x28
 .text.cJSON_ReplaceItemInArray
                0x000000008831ca00       0x28 build/gcc/obj/libs/cjson/cJSON.o
                0x000000008831ca01                cJSON_ReplaceItemInArray

.text.cJSON_Minify
                0x000000008831ca28       0x84
 .text.cJSON_Minify
                0x000000008831ca28       0x84 build/gcc/obj/libs/cjson/cJSON.o
                0x000000008831ca29                cJSON_Minify

.text.cJSON_IsInvalid
                0x000000008831caac       0x10
 .text.cJSON_IsInvalid
                0x000000008831caac       0x10 build/gcc/obj/libs/cjson/cJSON.o
                0x000000008831caad                cJSON_IsInvalid

.text.cJSON_IsFalse
                0x000000008831cabc       0x14
 .text.cJSON_IsFalse
                0x000000008831cabc       0x14 build/gcc/obj/libs/cjson/cJSON.o
                0x000000008831cabd                cJSON_IsFalse

.text.cJSON_IsTrue
                0x000000008831cad0       0x14
 .text.cJSON_IsTrue
                0x000000008831cad0       0x14 build/gcc/obj/libs/cjson/cJSON.o
                0x000000008831cad1                cJSON_IsTrue

.text.cJSON_IsBool
                0x000000008831cae4       0x14
 .text.cJSON_IsBool
                0x000000008831cae4       0x14 build/gcc/obj/libs/cjson/cJSON.o
                0x000000008831cae5                cJSON_IsBool

.text.cJSON_IsNull
                0x000000008831caf8       0x14
 .text.cJSON_IsNull
                0x000000008831caf8       0x14 build/gcc/obj/libs/cjson/cJSON.o
                0x000000008831caf9                cJSON_IsNull

.text.cJSON_IsNumber
                0x000000008831cb0c       0x14
 .text.cJSON_IsNumber
                0x000000008831cb0c       0x14 build/gcc/obj/libs/cjson/cJSON.o
                0x000000008831cb0d                cJSON_IsNumber

.text.cJSON_IsString
                0x000000008831cb20       0x14
 .text.cJSON_IsString
                0x000000008831cb20       0x14 build/gcc/obj/libs/cjson/cJSON.o
                0x000000008831cb21                cJSON_IsString

.text.cJSON_IsArray
                0x000000008831cb34       0x14
 .text.cJSON_IsArray
                0x000000008831cb34       0x14 build/gcc/obj/libs/cjson/cJSON.o
                0x000000008831cb35                cJSON_IsArray

.text.cJSON_IsObject
                0x000000008831cb48       0x14
 .text.cJSON_IsObject
                0x000000008831cb48       0x14 build/gcc/obj/libs/cjson/cJSON.o
                0x000000008831cb49                cJSON_IsObject

.text.cJSON_IsRaw
                0x000000008831cb5c       0x14
 .text.cJSON_IsRaw
                0x000000008831cb5c       0x14 build/gcc/obj/libs/cjson/cJSON.o
                0x000000008831cb5d                cJSON_IsRaw

.text.cJSON_malloc
                0x000000008831cb70       0x18
 .text.cJSON_malloc
                0x000000008831cb70       0x18 build/gcc/obj/libs/cjson/cJSON.o
                0x000000008831cb71                cJSON_malloc

.text.cJSON_free
                0x000000008831cb88       0x18
 .text.cJSON_free
                0x000000008831cb88       0x18 build/gcc/obj/libs/cjson/cJSON.o
                0x000000008831cb89                cJSON_free

.text.get_object_item
                0x000000008831cba0       0x84
 .text.get_object_item
                0x000000008831cba0       0x84 build/gcc/obj/libs/cjson/cJSON.o

.text.cJSON_Compare
                0x000000008831cc24      0x108
 .text.cJSON_Compare
                0x000000008831cc24      0x108 build/gcc/obj/libs/cjson/cJSON.o
                0x000000008831cc25                cJSON_Compare

.text.cJSON_GetObjectItemCaseSensitive
                0x000000008831cd2c       0x10
 .text.cJSON_GetObjectItemCaseSensitive
                0x000000008831cd2c       0x10 build/gcc/obj/libs/cjson/cJSON.o
                0x000000008831cd2d                cJSON_GetObjectItemCaseSensitive

.text.cJSON_DetachItemFromObjectCaseSensitive
                0x000000008831cd3c       0x1c
 .text.cJSON_DetachItemFromObjectCaseSensitive
                0x000000008831cd3c       0x1c build/gcc/obj/libs/cjson/cJSON.o
                0x000000008831cd3d                cJSON_DetachItemFromObjectCaseSensitive

.text.cJSON_DeleteItemFromObjectCaseSensitive
                0x000000008831cd58       0x18
 .text.cJSON_DeleteItemFromObjectCaseSensitive
                0x000000008831cd58       0x18 build/gcc/obj/libs/cjson/cJSON.o
                0x000000008831cd59                cJSON_DeleteItemFromObjectCaseSensitive

.text.cJSON_GetObjectItem
                0x000000008831cd70       0x10
 .text.cJSON_GetObjectItem
                0x000000008831cd70       0x10 build/gcc/obj/libs/cjson/cJSON.o
                0x000000008831cd71                cJSON_GetObjectItem

.text.cJSON_DetachItemFromObject
                0x000000008831cd80       0x1c
 .text.cJSON_DetachItemFromObject
                0x000000008831cd80       0x1c build/gcc/obj/libs/cjson/cJSON.o
                0x000000008831cd81                cJSON_DetachItemFromObject

.text.cJSON_DeleteItemFromObject
                0x000000008831cd9c       0x18
 .text.cJSON_DeleteItemFromObject
                0x000000008831cd9c       0x18 build/gcc/obj/libs/cjson/cJSON.o
                0x000000008831cd9d                cJSON_DeleteItemFromObject

.text.cJSON_HasObjectItem
                0x000000008831cdb4       0x14
 .text.cJSON_HasObjectItem
                0x000000008831cdb4       0x14 build/gcc/obj/libs/cjson/cJSON.o
                0x000000008831cdb5                cJSON_HasObjectItem

.text.cJSON_New_Item
                0x000000008831cdc8       0x24
 .text.cJSON_New_Item
                0x000000008831cdc8       0x24 build/gcc/obj/libs/cjson/cJSON.o

.text.cJSON_CreateObject
                0x000000008831cdec       0x1c
 .text.cJSON_CreateObject
                0x000000008831cdec       0x1c build/gcc/obj/libs/cjson/cJSON.o
                0x000000008831cded                cJSON_CreateObject

.text.cJSON_CreateArray
                0x000000008831ce08       0x1c
 .text.cJSON_CreateArray
                0x000000008831ce08       0x1c build/gcc/obj/libs/cjson/cJSON.o
                0x000000008831ce09                cJSON_CreateArray

.text.cJSON_CreateNumber
                0x000000008831ce28       0x78
 .text.cJSON_CreateNumber
                0x000000008831ce28       0x78 build/gcc/obj/libs/cjson/cJSON.o
                0x000000008831ce29                cJSON_CreateNumber

.text.cJSON_CreateDoubleArray
                0x000000008831cea0       0x70
 .text.cJSON_CreateDoubleArray
                0x000000008831cea0       0x70 build/gcc/obj/libs/cjson/cJSON.o
                0x000000008831cea1                cJSON_CreateDoubleArray

.text.cJSON_CreateFloatArray
                0x000000008831cf10       0x74
 .text.cJSON_CreateFloatArray
                0x000000008831cf10       0x74 build/gcc/obj/libs/cjson/cJSON.o
                0x000000008831cf11                cJSON_CreateFloatArray

.text.cJSON_CreateIntArray
                0x000000008831cf84       0x74
 .text.cJSON_CreateIntArray
                0x000000008831cf84       0x74 build/gcc/obj/libs/cjson/cJSON.o
                0x000000008831cf85                cJSON_CreateIntArray

.text.cJSON_CreateBool
                0x000000008831cff8       0x2c
 .text.cJSON_CreateBool
                0x000000008831cff8       0x2c build/gcc/obj/libs/cjson/cJSON.o
                0x000000008831cff9                cJSON_CreateBool

.text.cJSON_CreateFalse
                0x000000008831d024       0x1c
 .text.cJSON_CreateFalse
                0x000000008831d024       0x1c build/gcc/obj/libs/cjson/cJSON.o
                0x000000008831d025                cJSON_CreateFalse

.text.cJSON_CreateTrue
                0x000000008831d040       0x1c
 .text.cJSON_CreateTrue
                0x000000008831d040       0x1c build/gcc/obj/libs/cjson/cJSON.o
                0x000000008831d041                cJSON_CreateTrue

.text.cJSON_CreateNull
                0x000000008831d05c       0x1c
 .text.cJSON_CreateNull
                0x000000008831d05c       0x1c build/gcc/obj/libs/cjson/cJSON.o
                0x000000008831d05d                cJSON_CreateNull

.text.update_offset
                0x000000008831d078       0x28
 .text.update_offset
                0x000000008831d078       0x28 build/gcc/obj/libs/cjson/cJSON.o

.text.ensure    0x000000008831d0a0       0x94
 .text.ensure   0x000000008831d0a0       0x94 build/gcc/obj/libs/cjson/cJSON.o

.text.print_string_ptr
                0x000000008831d134      0x114
 .text.print_string_ptr
                0x000000008831d134      0x114 build/gcc/obj/libs/cjson/cJSON.o

.text.print_value
                0x000000008831d248      0x350
 .text.print_value
                0x000000008831d248      0x350 build/gcc/obj/libs/cjson/cJSON.o

.text.cJSON_PrintPreallocated
                0x000000008831d598       0x58
 .text.cJSON_PrintPreallocated
                0x000000008831d598       0x58 build/gcc/obj/libs/cjson/cJSON.o
                0x000000008831d599                cJSON_PrintPreallocated

.text.cJSON_PrintBuffered
                0x000000008831d5f0       0x68
 .text.cJSON_PrintBuffered
                0x000000008831d5f0       0x68 build/gcc/obj/libs/cjson/cJSON.o
                0x000000008831d5f1                cJSON_PrintBuffered

.text.parse_value
                0x000000008831d658      0x348
 .text.parse_value
                0x000000008831d658      0x348 build/gcc/obj/libs/cjson/cJSON.o

.text.cJSON_ParseWithOpts
                0x000000008831d9a0       0xd0
 .text.cJSON_ParseWithOpts
                0x000000008831d9a0       0xd0 build/gcc/obj/libs/cjson/cJSON.o
                0x000000008831d9a1                cJSON_ParseWithOpts

.text.cJSON_Parse
                0x000000008831da70       0x14
 .text.cJSON_Parse
                0x000000008831da70       0x14 build/gcc/obj/libs/cjson/cJSON.o
                0x000000008831da71                cJSON_Parse

.text.T.112     0x000000008831da84       0x44
 .text.T.112    0x000000008831da84       0x44 build/gcc/obj/libs/cjson/cJSON.o

.text.cJSON_AddItemReferenceToArray
                0x000000008831dac8       0x20
 .text.cJSON_AddItemReferenceToArray
                0x000000008831dac8       0x20 build/gcc/obj/libs/cjson/cJSON.o
                0x000000008831dac9                cJSON_AddItemReferenceToArray

.text.T.113     0x000000008831dae8       0x3c
 .text.T.113    0x000000008831dae8       0x3c build/gcc/obj/libs/cjson/cJSON.o

.text.cJSON_AddItemToObject
                0x000000008831db24       0x34
 .text.cJSON_AddItemToObject
                0x000000008831db24       0x34 build/gcc/obj/libs/cjson/cJSON.o
                0x000000008831db25                cJSON_AddItemToObject

.text.cJSON_AddItemReferenceToObject
                0x000000008831db58       0x24
 .text.cJSON_AddItemReferenceToObject
                0x000000008831db58       0x24 build/gcc/obj/libs/cjson/cJSON.o
                0x000000008831db59                cJSON_AddItemReferenceToObject

.text.replace_item_in_object
                0x000000008831db7c       0x64
 .text.replace_item_in_object
                0x000000008831db7c       0x64 build/gcc/obj/libs/cjson/cJSON.o

.text.cJSON_ReplaceItemInObjectCaseSensitive
                0x000000008831dbe0       0x10
 .text.cJSON_ReplaceItemInObjectCaseSensitive
                0x000000008831dbe0       0x10 build/gcc/obj/libs/cjson/cJSON.o
                0x000000008831dbe1                cJSON_ReplaceItemInObjectCaseSensitive

.text.cJSON_ReplaceItemInObject
                0x000000008831dbf0       0x10
 .text.cJSON_ReplaceItemInObject
                0x000000008831dbf0       0x10 build/gcc/obj/libs/cjson/cJSON.o
                0x000000008831dbf1                cJSON_ReplaceItemInObject

.text.cJSON_CreateString
                0x000000008831dc00       0x3c
 .text.cJSON_CreateString
                0x000000008831dc00       0x3c build/gcc/obj/libs/cjson/cJSON.o
                0x000000008831dc01                cJSON_CreateString

.text.cJSON_CreateStringArray
                0x000000008831dc3c       0x6c
 .text.cJSON_CreateStringArray
                0x000000008831dc3c       0x6c build/gcc/obj/libs/cjson/cJSON.o
                0x000000008831dc3d                cJSON_CreateStringArray

.text.cJSON_CreateRaw
                0x000000008831dca8       0x3c
 .text.cJSON_CreateRaw
                0x000000008831dca8       0x3c build/gcc/obj/libs/cjson/cJSON.o
                0x000000008831dca9                cJSON_CreateRaw

.text.cJSON_Duplicate
                0x000000008831dce4       0x9c
 .text.cJSON_Duplicate
                0x000000008831dce4       0x9c build/gcc/obj/libs/cjson/cJSON.o
                0x000000008831dce5                cJSON_Duplicate

.text.T.114     0x000000008831dd80       0xb0
 .text.T.114    0x000000008831dd80       0xb0 build/gcc/obj/libs/cjson/cJSON.o

.text.cJSON_Print
                0x000000008831de30       0x10
 .text.cJSON_Print
                0x000000008831de30       0x10 build/gcc/obj/libs/cjson/cJSON.o
                0x000000008831de31                cJSON_Print

.text.cJSON_PrintUnformatted
                0x000000008831de40       0x10
 .text.cJSON_PrintUnformatted
                0x000000008831de40       0x10 build/gcc/obj/libs/cjson/cJSON.o
                0x000000008831de41                cJSON_PrintUnformatted

.text.Ql_Timer_Register
                0x000000008831de50       0x48
 .text.Ql_Timer_Register
                0x000000008831de50       0x48 libs/gcc/app_start.lib(timer.o)
                0x000000008831de51                Ql_Timer_Register

.text.Ql_Timer_RegisterFast
                0x000000008831de98       0x48
 .text.Ql_Timer_RegisterFast
                0x000000008831de98       0x48 libs/gcc/app_start.lib(timer.o)
                0x000000008831de99                Ql_Timer_RegisterFast

.text.Ql_Timer_Start
                0x000000008831dee0       0x4c
 .text.Ql_Timer_Start
                0x000000008831dee0       0x4c libs/gcc/app_start.lib(timer.o)
                0x000000008831dee1                Ql_Timer_Start

.text.Ql_Timer_Stop
                0x000000008831df2c       0x40
 .text.Ql_Timer_Stop
                0x000000008831df2c       0x40 libs/gcc/app_start.lib(timer.o)
                0x000000008831df2d                Ql_Timer_Stop

.text.Ql_GPRS_GetPDPCntxtState
                0x000000008831df6c       0x44
 .text.Ql_GPRS_GetPDPCntxtState
                0x000000008831df6c       0x44 libs/gcc/app_start.lib(gprs.o)
                0x000000008831df6d                Ql_GPRS_GetPDPCntxtState

.text.Ql_GPRS_GetPDPContextId
                0x000000008831dfb0       0x3c
 .text.Ql_GPRS_GetPDPContextId
                0x000000008831dfb0       0x3c libs/gcc/app_start.lib(gprs.o)
                0x000000008831dfb1                Ql_GPRS_GetPDPContextId

.text.Ql_GPRS_Config
                0x000000008831dfec       0x44
 .text.Ql_GPRS_Config
                0x000000008831dfec       0x44 libs/gcc/app_start.lib(gprs.o)
                0x000000008831dfed                Ql_GPRS_Config

.text.Ql_GPRS_Register
                0x000000008831e030       0x48
 .text.Ql_GPRS_Register
                0x000000008831e030       0x48 libs/gcc/app_start.lib(gprs.o)
                0x000000008831e031                Ql_GPRS_Register

.text.Ql_GPRS_Activate
                0x000000008831e078       0x44
 .text.Ql_GPRS_Activate
                0x000000008831e078       0x44 libs/gcc/app_start.lib(gprs.o)
                0x000000008831e079                Ql_GPRS_Activate

.text.Ql_GPRS_ActivateEx
                0x000000008831e0bc       0x48
 .text.Ql_GPRS_ActivateEx
                0x000000008831e0bc       0x48 libs/gcc/app_start.lib(gprs.o)
                0x000000008831e0bd                Ql_GPRS_ActivateEx

.text.Ql_GPRS_Deactivate
                0x000000008831e104       0x44
 .text.Ql_GPRS_Deactivate
                0x000000008831e104       0x44 libs/gcc/app_start.lib(gprs.o)
                0x000000008831e105                Ql_GPRS_Deactivate

.text.Ql_GPRS_DeactivateEx
                0x000000008831e148       0x48
 .text.Ql_GPRS_DeactivateEx
                0x000000008831e148       0x48 libs/gcc/app_start.lib(gprs.o)
                0x000000008831e149                Ql_GPRS_DeactivateEx

.text.Ql_GPRS_GetLocalIPAddress
                0x000000008831e190       0x44
 .text.Ql_GPRS_GetLocalIPAddress
                0x000000008831e190       0x44 libs/gcc/app_start.lib(gprs.o)
                0x000000008831e191                Ql_GPRS_GetLocalIPAddress

.text.Ql_GPRS_GetDNSAddress
                0x000000008831e1d4       0x48
 .text.Ql_GPRS_GetDNSAddress
                0x000000008831e1d4       0x48 libs/gcc/app_start.lib(gprs.o)
                0x000000008831e1d5                Ql_GPRS_GetDNSAddress

.text.Ql_GPRS_SetDNSAddress
                0x000000008831e21c       0x48
 .text.Ql_GPRS_SetDNSAddress
                0x000000008831e21c       0x48 libs/gcc/app_start.lib(gprs.o)
                0x000000008831e21d                Ql_GPRS_SetDNSAddress

.text.playmem   0x000000008831e264       0x58
 .text.playmem  0x000000008831e264       0x58 libs/gcc/app_start.lib(ql_func.o)
                0x000000008831e265                playmem

.text.Ql_AUD_PlayBuf
                0x000000008831e2bc       0x70
 .text.Ql_AUD_PlayBuf
                0x000000008831e2bc       0x70 libs/gcc/app_start.lib(ql_func.o)
                0x000000008831e2bd                Ql_AUD_PlayBuf

.text.Ql_AUD_StopPlayBuf
                0x000000008831e32c       0x38
 .text.Ql_AUD_StopPlayBuf
                0x000000008831e32c       0x38 libs/gcc/app_start.lib(ql_func.o)
                0x000000008831e32d                Ql_AUD_StopPlayBuf

.text.Ql_StartPlayAudioStream
                0x000000008831e364       0x6c
 .text.Ql_StartPlayAudioStream
                0x000000008831e364       0x6c libs/gcc/app_start.lib(ql_func.o)
                0x000000008831e365                Ql_StartPlayAudioStream

.text.Ql_StopPlayAudioStream
                0x000000008831e3d0       0x3c
 .text.Ql_StopPlayAudioStream
                0x000000008831e3d0       0x3c libs/gcc/app_start.lib(ql_func.o)
                0x000000008831e3d1                Ql_StopPlayAudioStream

.text.Ql_GetRelativeTime_Counter
                0x000000008831e40c       0x3c
 .text.Ql_GetRelativeTime_Counter
                0x000000008831e40c       0x3c libs/gcc/app_start.lib(ql_func.o)
                0x000000008831e40d                Ql_GetRelativeTime_Counter

.text.Ql_SecondToTicks
                0x000000008831e448       0x40
 .text.Ql_SecondToTicks
                0x000000008831e448       0x40 libs/gcc/app_start.lib(ql_func.o)
                0x000000008831e449                Ql_SecondToTicks

.text.Ql_MillisecondToTicks
                0x000000008831e488       0x40
 .text.Ql_MillisecondToTicks
                0x000000008831e488       0x40 libs/gcc/app_start.lib(ql_func.o)
                0x000000008831e489                Ql_MillisecondToTicks

.text.Ql_CalendarTime2LocalTime
                0x000000008831e4c8       0x48
 .text.Ql_CalendarTime2LocalTime
                0x000000008831e4c8       0x48 libs/gcc/app_start.lib(ql_func.o)
                0x000000008831e4c9                Ql_CalendarTime2LocalTime

.text.Ql_osChangeTaskPriority
                0x000000008831e510       0x44
 .text.Ql_osChangeTaskPriority
                0x000000008831e510       0x44 libs/gcc/app_start.lib(ql_func.o)
                0x000000008831e511                Ql_osChangeTaskPriority

.text.Ql_OS_GetMessage
                0x000000008831e554       0x40
 .text.Ql_OS_GetMessage
                0x000000008831e554       0x40 libs/gcc/app_start.lib(taskMngt.o)
                0x000000008831e555                Ql_OS_GetMessage

.text.Ql_OS_SendMessage
                0x000000008831e594       0x4c
 .text.Ql_OS_SendMessage
                0x000000008831e594       0x4c libs/gcc/app_start.lib(taskMngt.o)
                0x000000008831e595                Ql_OS_SendMessage

.text.Ql_OS_CreateMutex
                0x000000008831e5e0       0x40
 .text.Ql_OS_CreateMutex
                0x000000008831e5e0       0x40 libs/gcc/app_start.lib(taskMngt.o)
                0x000000008831e5e1                Ql_OS_CreateMutex

.text.Ql_OS_TakeMutex
                0x000000008831e620       0x3c
 .text.Ql_OS_TakeMutex
                0x000000008831e620       0x3c libs/gcc/app_start.lib(taskMngt.o)
                0x000000008831e621                Ql_OS_TakeMutex

.text.Ql_OS_GiveMutex
                0x000000008831e65c       0x3c
 .text.Ql_OS_GiveMutex
                0x000000008831e65c       0x3c libs/gcc/app_start.lib(taskMngt.o)
                0x000000008831e65d                Ql_OS_GiveMutex

.text.Ql_OS_CreateSemaphore
                0x000000008831e698       0x44
 .text.Ql_OS_CreateSemaphore
                0x000000008831e698       0x44 libs/gcc/app_start.lib(taskMngt.o)
                0x000000008831e699                Ql_OS_CreateSemaphore
